
 Start         Length     Name                   Class
 0001:00401000 000B2EFCH .text                   CODE
 0002:004B4000 00000A50H .itext                  ICODE
 0003:004B5000 0000542CH .data                   DATA
 0004:004BB000 00005EF8H .bss                    BSS
 0005:00000000 000001F0H .tls                    TLS


Detailed map of segments

 0001:00000000 000062DD C=CODE     S=.text    G=(none)   M=System   ACBP=A9
 0001:000062E0 00000105 C=CODE     S=.text    G=(none)   M=SysInit  ACBP=A9
 0001:000063E8 00000058 C=CODE     S=.text    G=(none)   M=Types    ACBP=A9
 0001:00006440 00001300 C=CODE     S=.text    G=(none)   M=Windows  ACBP=A9
 0001:00007740 000001DD C=CODE     S=.text    G=(none)   M=madTypes ACBP=A9
 0001:00007920 000039E4 C=CODE     S=.text    G=(none)   M=madStrings ACBP=A9
 0001:0000B304 000011D8 C=CODE     S=.text    G=(none)   M=madNVPrgrAlert ACBP=A9
 0001:0000C4DC 000048F4 C=CODE     S=.text    G=(none)   M=madZip   ACBP=A9
 0001:00010DD0 00002B30 C=CODE     S=.text    G=(none)   M=madNVBitmap ACBP=A9
 0001:00013900 00003071 C=CODE     S=.text    G=(none)   M=madTools ACBP=A9
 0001:00016974 00000A87 C=CODE     S=.text    G=(none)   M=madCrypt ACBP=A9
 0001:000173FC 00006A0C C=CODE     S=.text    G=(none)   M=madDisAsm ACBP=A9
 0001:0001DE08 0000585D C=CODE     S=.text    G=(none)   M=madMapFile ACBP=A9
 0001:00023668 000064B8 C=CODE     S=.text    G=(none)   M=madNVAssistant ACBP=A9
 0001:00029B20 00004A58 C=CODE     S=.text    G=(none)   M=madStackTrace ACBP=A9
 0001:0002E578 00000086 C=CODE     S=.text    G=(none)   M=WinSock  ACBP=A9
 0001:0002E600 000002F0 C=CODE     S=.text    G=(none)   M=SysConst ACBP=A9
 0001:0002E8F0 00000016 C=CODE     S=.text    G=(none)   M=ShellAPI ACBP=A9
 0001:0002E908 00000009 C=CODE     S=.text    G=(none)   M=ActiveX  ACBP=A9
 0001:0002E914 000000AE C=CODE     S=.text    G=(none)   M=CommCtrl ACBP=A9
 0001:0002E9C4 00000016 C=CODE     S=.text    G=(none)   M=CommDlg  ACBP=A9
 0001:0002E9DC 00032A20 C=CODE     S=.text    G=(none)   M=madExcept ACBP=A9
 0001:000613FC 0000002E C=CODE     S=.text    G=(none)   M=madLinkDisAsm ACBP=A9
 0001:0006142C 00000EF4 C=CODE     S=.text    G=(none)   M=madListHardware ACBP=A9
 0001:00062320 00000BF0 C=CODE     S=.text    G=(none)   M=madListProcesses ACBP=A9
 0001:00062F10 0000053C C=CODE     S=.text    G=(none)   M=madListModules ACBP=A9
 0001:0006344C 00006C55 C=CODE     S=.text    G=(none)   M=SysUtils ACBP=A9
 0001:0006A0A4 000007EE C=CODE     S=.text    G=(none)   M=VarUtils ACBP=A9
 0001:0006A894 00002990 C=CODE     S=.text    G=(none)   M=Variants ACBP=A9
 0001:0006D224 000000F8 C=CODE     S=.text    G=(none)   M=RTLConsts ACBP=A9
 0001:0006D31C 00000887 C=CODE     S=.text    G=(none)   M=TypInfo  ACBP=A9
 0001:0006DBA4 00009C21 C=CODE     S=.text    G=(none)   M=Classes  ACBP=A9
 0001:000777C8 0000016A C=CODE     S=.text    G=(none)   M=SyncObjs ACBP=A9
 0001:00077934 00000125 C=CODE     S=.text    G=(none)   M=UEnhancedObject ACBP=A9
 0001:00077A5C 0000008E C=CODE     S=.text    G=(none)   M=CustomLogMessage ACBP=A9
 0001:00077AEC 00000164 C=CODE     S=.text    G=(none)   M=UAdditionalTypes ACBP=A9
 0001:00077C50 00000175 C=CODE     S=.text    G=(none)   M=UAdditionalExceptions ACBP=A9
 0001:00077DC8 0000028D C=CODE     S=.text    G=(none)   M=Contnrs  ACBP=A9
 0001:00078058 00001262 C=CODE     S=.text    G=(none)   M=HelpIntfs ACBP=A9
 0001:000792BC 00000772 C=CODE     S=.text    G=(none)   M=MultiMon ACBP=A9
 0001:00079A30 00000210 C=CODE     S=.text    G=(none)   M=Consts   ACBP=A9
 0001:00079C40 0000005D C=CODE     S=.text    G=(none)   M=IniFiles ACBP=A9
 0001:00079CA0 000005C5 C=CODE     S=.text    G=(none)   M=Registry ACBP=A9
 0001:0007A268 00007632 C=CODE     S=.text    G=(none)   M=Graphics ACBP=A9
 0001:0008189C 00000BB9 C=CODE     S=.text    G=(none)   M=UxTheme  ACBP=A9
 0001:00082458 00000194 C=CODE     S=.text    G=(none)   M=DwmApi   ACBP=A9
 0001:000825EC 0000003A C=CODE     S=.text    G=(none)   M=Printers ACBP=A9
 0001:00082628 0000008B C=CODE     S=.text    G=(none)   M=StrUtils ACBP=A9
 0001:000826B4 00000D76 C=CODE     S=.text    G=(none)   M=GraphUtil ACBP=A9
 0001:0008342C 00000316 C=CODE     S=.text    G=(none)   M=ExtCtrls ACBP=A9
 0001:00083744 000006A4 C=CODE     S=.text    G=(none)   M=Dialogs  ACBP=A9
 0001:00083DE8 0000003A C=CODE     S=.text    G=(none)   M=Clipbrd  ACBP=A9
 0001:00083E24 0000012D C=CODE     S=.text    G=(none)   M=StdActns ACBP=A9
 0001:00083F54 0000030E C=CODE     S=.text    G=(none)   M=FlatSB   ACBP=A9
 0001:00084264 00007AE1 C=CODE     S=.text    G=(none)   M=Menus    ACBP=A9
 0001:0008BD48 0001354C C=CODE     S=.text    G=(none)   M=Controls ACBP=A9
 0001:0009F294 00000B76 C=CODE     S=.text    G=(none)   M=Themes   ACBP=A9
 0001:0009FE0C 000016DD C=CODE     S=.text    G=(none)   M=ImgList  ACBP=A9
 0001:000A14EC 00001332 C=CODE     S=.text    G=(none)   M=ActnList ACBP=A9
 0001:000A2820 0000F024 C=CODE     S=.text    G=(none)   M=Forms    ACBP=A9
 0001:000B1844 00000040 C=CODE     S=.text    G=(none)   M=UTextUtilities ACBP=A9
 0001:000B1884 00000015 C=CODE     S=.text    G=(none)   M=UMath    ACBP=A9
 0001:000B189C 00000197 C=CODE     S=.text    G=(none)   M=UFileNameCycler ACBP=A9
 0001:000B1A34 00000061 C=CODE     S=.text    G=(none)   M=CustomLogWriter ACBP=A9
 0001:000B1A98 00000091 C=CODE     S=.text    G=(none)   M=CustomLogWriterList ACBP=A9
 0001:000B1B2C 0000006E C=CODE     S=.text    G=(none)   M=CustomLogManager ACBP=A9
 0001:000B1B9C 000001D3 C=CODE     S=.text    G=(none)   M=DefaultLogMessage ACBP=A9
 0001:000B1D70 0000005F C=CODE     S=.text    G=(none)   M=CustomLogEntity ACBP=A9
 0001:000B1DD0 00000079 C=CODE     S=.text    G=(none)   M=EmptyLogEntity ACBP=A9
 0001:000B1E4C 00000124 C=CODE     S=.text    G=(none)   M=DefaultLogEntity ACBP=A9
 0001:000B1F70 000001FD C=CODE     S=.text    G=(none)   M=PlainLogManager ACBP=A9
 0001:000B2170 0000006D C=CODE     S=.text    G=(none)   M=CustomLogTextFormat ACBP=A9
 0001:000B21E0 00000360 C=CODE     S=.text    G=(none)   M=PlainLogTextFormat ACBP=A9
 0001:000B2540 00000070 C=CODE     S=.text    G=(none)   M=UWindowsTempFile ACBP=A9
 0001:000B25B0 0000023E C=CODE     S=.text    G=(none)   M=FileLogWriter ACBP=A9
 0001:000B27F0 0000014A C=CODE     S=.text    G=(none)   M=ConsoleLogWriter ACBP=A9
 0001:000B293C 00000287 C=CODE     S=.text    G=(none)   M=LogViewerTestApplication ACBP=A9
 0001:000B2BC4 00000338 C=CODE     S=.text    G=(none)   M=LogViewer ACBP=A9
 0002:00000000 00000095 C=ICODE    S=.itext   G=(none)   M=System   ACBP=A9
 0002:00000098 00000011 C=ICODE    S=.itext   G=(none)   M=Windows  ACBP=A9
 0002:000000AC 00000008 C=ICODE    S=.itext   G=(none)   M=madStrings ACBP=A9
 0002:000000B4 0000002F C=ICODE    S=.itext   G=(none)   M=madTools ACBP=A9
 0002:000000E4 00000008 C=ICODE    S=.itext   G=(none)   M=madDisAsm ACBP=A9
 0002:000000EC 00000047 C=ICODE    S=.itext   G=(none)   M=madMapFile ACBP=A9
 0002:00000134 00000008 C=ICODE    S=.itext   G=(none)   M=madStackTrace ACBP=A9
 0002:0000013C 000000AA C=ICODE    S=.itext   G=(none)   M=madExcept ACBP=A9
 0002:000001E8 00000017 C=ICODE    S=.itext   G=(none)   M=madLinkDisAsm ACBP=A9
 0002:00000200 00000074 C=ICODE    S=.itext   G=(none)   M=madListHardware ACBP=A9
 0002:00000274 00000070 C=ICODE    S=.itext   G=(none)   M=madListProcesses ACBP=A9
 0002:000002E4 00000068 C=ICODE    S=.itext   G=(none)   M=madListModules ACBP=A9
 0002:0000034C 00000088 C=ICODE    S=.itext   G=(none)   M=SysUtils ACBP=A9
 0002:000003D4 0000000F C=ICODE    S=.itext   G=(none)   M=VarUtils ACBP=A9
 0002:000003E4 000000AA C=ICODE    S=.itext   G=(none)   M=Variants ACBP=A9
 0002:00000490 00000008 C=ICODE    S=.itext   G=(none)   M=TypInfo  ACBP=A9
 0002:00000498 00000092 C=ICODE    S=.itext   G=(none)   M=Classes  ACBP=A9
 0002:0000052C 00000008 C=ICODE    S=.itext   G=(none)   M=HelpIntfs ACBP=A9
 0002:00000534 0000000F C=ICODE    S=.itext   G=(none)   M=MultiMon ACBP=A9
 0002:00000544 00000008 C=ICODE    S=.itext   G=(none)   M=IniFiles ACBP=A9
 0002:0000054C 00000008 C=ICODE    S=.itext   G=(none)   M=Registry ACBP=A9
 0002:00000554 000000FB C=ICODE    S=.itext   G=(none)   M=Graphics ACBP=A9
 0002:00000650 0000001B C=ICODE    S=.itext   G=(none)   M=UxTheme  ACBP=A9
 0002:0000066C 00000008 C=ICODE    S=.itext   G=(none)   M=DwmApi   ACBP=A9
 0002:00000674 00000008 C=ICODE    S=.itext   G=(none)   M=Printers ACBP=A9
 0002:0000067C 00000098 C=ICODE    S=.itext   G=(none)   M=GraphUtil ACBP=A9
 0002:00000714 00000044 C=ICODE    S=.itext   G=(none)   M=ExtCtrls ACBP=A9
 0002:00000758 0000003D C=ICODE    S=.itext   G=(none)   M=Dialogs  ACBP=A9
 0002:00000798 00000058 C=ICODE    S=.itext   G=(none)   M=Clipbrd  ACBP=A9
 0002:000007F0 0000000F C=ICODE    S=.itext   G=(none)   M=FlatSB   ACBP=A9
 0002:00000800 00000085 C=ICODE    S=.itext   G=(none)   M=Menus    ACBP=A9
 0002:00000888 0000008F C=ICODE    S=.itext   G=(none)   M=Controls ACBP=A9
 0002:00000918 00000008 C=ICODE    S=.itext   G=(none)   M=Themes   ACBP=A9
 0002:00000920 0000002A C=ICODE    S=.itext   G=(none)   M=ActnList ACBP=A9
 0002:0000094C 00000070 C=ICODE    S=.itext   G=(none)   M=Forms    ACBP=A9
 0002:000009BC 00000094 C=ICODE    S=.itext   G=(none)   M=LogViewer ACBP=A9
 0003:00000000 00000790 C=DATA     S=.data    G=DGROUP   M=System   ACBP=A9
 0003:00000790 00000020 C=DATA     S=.data    G=DGROUP   M=SysInit  ACBP=A9
 0003:000007B0 000002DC C=DATA     S=.data    G=DGROUP   M=madStrings ACBP=A9
 0003:00000A8C 000010C4 C=DATA     S=.data    G=DGROUP   M=madZip   ACBP=A9
 0003:00001B50 00000090 C=DATA     S=.data    G=DGROUP   M=madTools ACBP=A9
 0003:00001BE0 0000108C C=DATA     S=.data    G=DGROUP   M=madCrypt ACBP=A9
 0003:00002C6C 0000084D C=DATA     S=.data    G=DGROUP   M=madDisAsm ACBP=A9
 0003:000034BC 00000020 C=DATA     S=.data    G=DGROUP   M=madMapFile ACBP=A9
 0003:000034DC 00000010 C=DATA     S=.data    G=DGROUP   M=madNVAssistant ACBP=A9
 0003:000034EC 00000004 C=DATA     S=.data    G=DGROUP   M=madStackTrace ACBP=A9
 0003:000034F0 00000AE0 C=DATA     S=.data    G=DGROUP   M=madExcept ACBP=A9
 0003:00003FD0 00000018 C=DATA     S=.data    G=DGROUP   M=madListProcesses ACBP=A9
 0003:00003FE8 0000024C C=DATA     S=.data    G=DGROUP   M=SysUtils ACBP=A9
 0003:00004234 00000008 C=DATA     S=.data    G=DGROUP   M=VarUtils ACBP=A9
 0003:0000423C 0000008E C=DATA     S=.data    G=DGROUP   M=Variants ACBP=A9
 0003:000042CC 0000000C C=DATA     S=.data    G=DGROUP   M=TypInfo  ACBP=A9
 0003:000042D8 00000064 C=DATA     S=.data    G=DGROUP   M=Classes  ACBP=A9
 0003:0000433C 00000008 C=DATA     S=.data    G=DGROUP   M=IniFiles ACBP=A9
 0003:00004344 00000008 C=DATA     S=.data    G=DGROUP   M=Registry ACBP=A9
 0003:0000434C 0000030C C=DATA     S=.data    G=DGROUP   M=Graphics ACBP=A9
 0003:00004658 00000004 C=DATA     S=.data    G=DGROUP   M=Printers ACBP=A9
 0003:0000465C 00000450 C=DATA     S=.data    G=DGROUP   M=GraphUtil ACBP=A9
 0003:00004AAC 00000074 C=DATA     S=.data    G=DGROUP   M=Dialogs  ACBP=A9
 0003:00004B20 0000012C C=DATA     S=.data    G=DGROUP   M=Menus    ACBP=A9
 0003:00004C4C 00000140 C=DATA     S=.data    G=DGROUP   M=Controls ACBP=A9
 0003:00004D8C 00000068 C=DATA     S=.data    G=DGROUP   M=Themes   ACBP=A9
 0003:00004DF4 00000020 C=DATA     S=.data    G=DGROUP   M=ImgList  ACBP=A9
 0003:00004E14 0000013C C=DATA     S=.data    G=DGROUP   M=Forms    ACBP=A9
 0004:00000000 000027EC C=BSS      S=.bss     G=DGROUP   M=System   ACBP=A9
 0004:000027EC 0000000C C=BSS      S=.bss     G=DGROUP   M=SysInit  ACBP=A9
 0004:000027F8 00000008 C=BSS      S=.bss     G=DGROUP   M=Windows  ACBP=A9
 0004:00002800 0000000C C=BSS      S=.bss     G=DGROUP   M=madStrings ACBP=A9
 0004:0000280C 00001110 C=BSS      S=.bss     G=DGROUP   M=madZip   ACBP=A9
 0004:0000391C 00000028 C=BSS      S=.bss     G=DGROUP   M=madTools ACBP=A9
 0004:00003944 00000004 C=BSS      S=.bss     G=DGROUP   M=madDisAsm ACBP=A9
 0004:00003948 00000008 C=BSS      S=.bss     G=DGROUP   M=madMapFile ACBP=A9
 0004:00003950 00000014 C=BSS      S=.bss     G=DGROUP   M=madStackTrace ACBP=A9
 0004:00003964 000000BC C=BSS      S=.bss     G=DGROUP   M=madExcept ACBP=A9
 0004:00003A20 00000004 C=BSS      S=.bss     G=DGROUP   M=madLinkDisAsm ACBP=A9
 0004:00003A24 00000004 C=BSS      S=.bss     G=DGROUP   M=madListHardware ACBP=A9
 0004:00003A28 00000004 C=BSS      S=.bss     G=DGROUP   M=madListProcesses ACBP=A9
 0004:00003A2C 00000004 C=BSS      S=.bss     G=DGROUP   M=madListModules ACBP=A9
 0004:00003A30 00002108 C=BSS      S=.bss     G=DGROUP   M=SysUtils ACBP=A9
 0004:00005B38 0000005C C=BSS      S=.bss     G=DGROUP   M=VarUtils ACBP=A9
 0004:00005B94 00000040 C=BSS      S=.bss     G=DGROUP   M=Variants ACBP=A9
 0004:00005BD4 00000004 C=BSS      S=.bss     G=DGROUP   M=TypInfo  ACBP=A9
 0004:00005BD8 00000040 C=BSS      S=.bss     G=DGROUP   M=Classes  ACBP=A9
 0004:00005C18 00000008 C=BSS      S=.bss     G=DGROUP   M=HelpIntfs ACBP=A9
 0004:00005C20 00000031 C=BSS      S=.bss     G=DGROUP   M=MultiMon ACBP=A9
 0004:00005C54 00000004 C=BSS      S=.bss     G=DGROUP   M=IniFiles ACBP=A9
 0004:00005C58 00000004 C=BSS      S=.bss     G=DGROUP   M=Registry ACBP=A9
 0004:00005C5C 00000060 C=BSS      S=.bss     G=DGROUP   M=Graphics ACBP=A9
 0004:00005CBC 000000DC C=BSS      S=.bss     G=DGROUP   M=UxTheme  ACBP=A9
 0004:00005D98 00000010 C=BSS      S=.bss     G=DGROUP   M=DwmApi   ACBP=A9
 0004:00005DA8 00000004 C=BSS      S=.bss     G=DGROUP   M=Printers ACBP=A9
 0004:00005DAC 00000010 C=BSS      S=.bss     G=DGROUP   M=GraphUtil ACBP=A9
 0004:00005DBC 00000008 C=BSS      S=.bss     G=DGROUP   M=ExtCtrls ACBP=A9
 0004:00005DC4 0000000C C=BSS      S=.bss     G=DGROUP   M=Dialogs  ACBP=A9
 0004:00005DD0 0000000C C=BSS      S=.bss     G=DGROUP   M=Clipbrd  ACBP=A9
 0004:00005DDC 00000034 C=BSS      S=.bss     G=DGROUP   M=FlatSB   ACBP=A9
 0004:00005E10 00000010 C=BSS      S=.bss     G=DGROUP   M=Menus    ACBP=A9
 0004:00005E20 00000088 C=BSS      S=.bss     G=DGROUP   M=Controls ACBP=A9
 0004:00005EA8 0000000C C=BSS      S=.bss     G=DGROUP   M=Themes   ACBP=A9
 0004:00005EB4 00000008 C=BSS      S=.bss     G=DGROUP   M=ImgList  ACBP=A9
 0004:00005EBC 00000004 C=BSS      S=.bss     G=DGROUP   M=ActnList ACBP=A9
 0004:00005EC0 00000031 C=BSS      S=.bss     G=DGROUP   M=Forms    ACBP=A9
 0004:00005EF4 00000004 C=BSS      S=.bss     G=DGROUP   M=GlobalLogManagerUnit ACBP=A9
 0005:00000000 00000008 C=TLS      S=.tls     G=(none)   M=System   ACBP=A9
 0005:00000008 000001B8 C=TLS      S=.tls     G=(none)   M=madExcept ACBP=A9
 0005:000001C0 00000008 C=TLS      S=.tls     G=(none)   M=Classes  ACBP=A9
 0005:000001C8 00000028 C=TLS      S=.tls     G=(none)   M=GraphUtil ACBP=A9


  Address             Publics by Name

 0001:0002E908       ActiveX.Succeeded
 0004:00005EBC       ActnList..9
 0001:000A1914       ActnList..TActionLink
 0001:000A14EC       ActnList..TContainedAction
 0001:000A180C       ActnList..TCustomAction
 0001:000A1610       ActnList..TCustomActionList
 0001:000A16F0       ActnList..TShortCutList
 0002:00000920       ActnList.ActnList
 0001:000A27F0       ActnList.Finalization
 0001:000A2004       ActnList.TActionLink.IsCaptionLinked
 0001:000A2018       ActnList.TActionLink.IsCheckedLinked
 0001:000A202C       ActnList.TActionLink.IsEnabledLinked
 0001:000A2040       ActnList.TActionLink.IsGroupIndexLinked
 0001:000A2054       ActnList.TActionLink.IsHelpContextLinked
 0001:000A2068       ActnList.TActionLink.IsHelpLinked
 0001:000A207C       ActnList.TActionLink.IsHintLinked
 0001:000A2090       ActnList.TActionLink.IsImageIndexLinked
 0001:000A20A4       ActnList.TActionLink.IsShortCutLinked
 0001:000A20B8       ActnList.TActionLink.IsVisibleLinked
 0001:000A20CC       ActnList.TActionLink.SetAutoCheck
 0001:000A20D0       ActnList.TActionLink.SetCaption
 0001:000A20D4       ActnList.TActionLink.SetChecked
 0001:000A20D8       ActnList.TActionLink.SetEnabled
 0001:000A20DC       ActnList.TActionLink.SetGroupIndex
 0001:000A20E0       ActnList.TActionLink.SetHelpContext
 0001:000A20E4       ActnList.TActionLink.SetHelpKeyword
 0001:000A20E8       ActnList.TActionLink.SetHelpType
 0001:000A20EC       ActnList.TActionLink.SetHint
 0001:000A20F0       ActnList.TActionLink.SetImageIndex
 0001:000A20F4       ActnList.TActionLink.SetShortCut
 0001:000A20F8       ActnList.TActionLink.SetVisible
 0001:000A19E4       ActnList.TContainedAction.Destroy
 0001:000A1B50       ActnList.TContainedAction.Execute
 0001:000A1A18       ActnList.TContainedAction.GetIndex
 0001:000A1A34       ActnList.TContainedAction.GetParentComponent
 0001:000A1A44       ActnList.TContainedAction.HasParent
 0001:000A1A30       ActnList.TContainedAction.IsCategoryStored
 0001:000A1A54       ActnList.TContainedAction.ReadState
 0001:000A1AFC       ActnList.TContainedAction.SetActionList
 0001:000A1AD0       ActnList.TContainedAction.SetCategory
 0001:000A1A88       ActnList.TContainedAction.SetIndex
 0001:000A1B24       ActnList.TContainedAction.SetParentComponent
 0001:000A1BA8       ActnList.TContainedAction.Update
 0001:000A21A0       ActnList.TCustomAction.AssignTo
 0001:000A20FC       ActnList.TCustomAction.Create
 0001:000A2150       ActnList.TCustomAction.Destroy
 0001:000A26C0       ActnList.TCustomAction.DoHint
 0001:000A26E8       ActnList.TCustomAction.Execute
 0001:000A274C       ActnList.TCustomAction.GetSecondaryShortCuts
 0001:000A2774       ActnList.TCustomAction.HandleShortCut
 0001:000A2250       ActnList.TCustomAction.SetCaption
 0001:000A22B0       ActnList.TCustomAction.SetChecked
 0001:000A23B8       ActnList.TCustomAction.SetEnabled
 0001:000A249C       ActnList.TCustomAction.SetHelpContext
 0001:000A2434       ActnList.TCustomAction.SetHelpKeyword
 0001:000A24F4       ActnList.TCustomAction.SetHint
 0001:000A2554       ActnList.TCustomAction.SetImageIndex
 0001:000A2674       ActnList.TCustomAction.SetName
 0001:000A25B0       ActnList.TCustomAction.SetShortCut
 0001:000A2614       ActnList.TCustomAction.SetVisible
 0001:000A1DD8       ActnList.TCustomActionList.AddAction
 0001:000A1E14       ActnList.TCustomActionList.Change
 0001:000A1C00       ActnList.TCustomActionList.Create
 0001:000A1C6C       ActnList.TCustomActionList.Destroy
 0001:000A1F20       ActnList.TCustomActionList.ExecuteAction
 0001:000A1D34       ActnList.TCustomActionList.GetAction
 0001:000A1D48       ActnList.TCustomActionList.GetActionCount
 0001:000A1CBC       ActnList.TCustomActionList.GetChildren
 0001:000A1D84       ActnList.TCustomActionList.ImageListChange
 0001:000A1E7C       ActnList.TCustomActionList.IsShortCut
 0001:000A1D90       ActnList.TCustomActionList.Notification
 0001:000A1DF8       ActnList.TCustomActionList.RemoveAction
 0001:000A1D04       ActnList.TCustomActionList.SetChildOrder
 0001:000A1D50       ActnList.TCustomActionList.SetImages
 0001:000A1F60       ActnList.TCustomActionList.SetState
 0001:000A1F40       ActnList.TCustomActionList.UpdateAction
 0001:000A2780       ActnList.TShortCutList.Add
 0001:000A27AC       ActnList.TShortCutList.IndexOfShortCut
 0004:00005BE4       Classes..95
 0001:0006E0A0       Classes..EBitsError
 0001:0006DF90       Classes..EClassNotFound
 0001:0006E158       Classes..EComponentError
 0001:0006DDD4       Classes..EFCreateError
 0001:0006DE88       Classes..EFilerError
 0001:0006DD74       Classes..EFileStreamError
 0001:0006DE30       Classes..EFOpenError
 0001:0006E210       Classes..EInvalidOperation
 0001:0006E048       Classes..EListError
 0001:0006E1B4       Classes..EOutOfResources
 0001:0006DEE0       Classes..EReadError
 0001:0006DFEC       Classes..EResNotFound
 0001:0006DD18       Classes..EStreamError
 0001:0006E0F8       Classes..EStringListError
 0001:0006ED7C       Classes..EThread
 0001:0006DF38       Classes..EWriteError
 0001:0006F0A4       Classes..TBasicAction
 0001:0006F024       Classes..TBasicActionLink
 0001:0006E32C       Classes..TBits
 0001:0006EC28       Classes..TClassFinder
 0001:0006EEC4       Classes..TComponent
 0001:0006E91C       Classes..TCustomMemoryStream
 0001:0006EC84       Classes..TFiler
 0001:0006E894       Classes..TFileStream
 0001:0006E81C       Classes..THandleStream
 0001:0006FF4C       Classes..TIntConst
 0001:0006E470       Classes..TInterfacedPersistent
 0001:0006E270       Classes..TList
 0001:0006E998       Classes..TMemoryStream
 0001:0006E380       Classes..TPersistent
 0001:00072F54       Classes..TPropFixup
 0001:00072FCC       Classes..TPropIntfFixup
 0001:0006ECE8       Classes..TReader
 0001:0006F228       Classes..TRegGroup
 0001:0006F280       Classes..TRegGroups
 0001:0006EA14       Classes..TResourceStream
 0001:0006E7AC       Classes..TStream
 0001:0006EBA0       Classes..TStreamAdapter
 0001:0006E694       Classes..TStringList
 0001:0006E55C       Classes..TStrings
 0001:0006E2D4       Classes..TThreadList
 0001:0006FEF0       Classes.ActivateClassGroup
 0003:000042D8       Classes.AddDataModule
 0001:0007322C       Classes.AddFinished
 0001:00073264       Classes.AddNotFinished
 0001:00073DD8       Classes.AddSubComponentsToLoaded
 0001:0007763C       Classes.AllocateHWnd
 0003:000042E8       Classes.ApplicationHandleException
 0003:000042F0       Classes.ApplicationShowException
 0001:00070248       Classes.BeginGlobalLoading
 0003:00004310       Classes.BlockCode
 0001:0006F1EC       Classes.Bounds
 0001:00077578       Classes.CalcJmpOffset
 0001:00073E14       Classes.CheckSubComponents
 0001:000762E8       Classes.CheckSynchronize
 0002:00000498       Classes.Classes
 0001:0006FCB4       Classes.ClassNotFound
 0001:00073EF4       Classes.ComponentCreated
 0001:00073F74       Classes.CreateComponent
 0001:000776F0       Classes.DeallocateHWnd
 0001:000762A8       Classes.DoneThreadSynchronization
 0001:000710A0       Classes.DoWrite
 0001:000702D0       Classes.EndGlobalLoading
 0001:0006F854       Classes.Error
 0001:00072D8C       Classes.Error
 0003:00004300       Classes.FilerSignature
 0001:00077718       Classes.Finalization
 0001:0006FD74       Classes.FindClass
 0001:00074124       Classes.FindExistingComponent
 0001:00070160       Classes.FindGlobalComponent
 0004:00005BF0       Classes.FindGlobalComponentProcs
 0001:00070008       Classes.FindIdentToInt
 0001:00073160       Classes.FindNestedComponent
 0001:000750C8       Classes.FindUniqueName
 0001:000774E4       Classes.FreeIntConstList
 0001:00077618       Classes.FreeObjectInstance
 0001:0006FD20       Classes.GetClass
 0001:0006FCA8       Classes.GetFieldClassTable
 0004:00005BF4       Classes.GlobalFixupList
 0001:000732AC       Classes.GlobalFixupReferences
 0005:000001C4       Classes.GlobalLists
 0005:000001C0       Classes.GlobalLoaded
 0004:00005BD8       Classes.GlobalNameSpace
 0001:0006FE9C       Classes.GroupDescendentsWith
 0001:00074898       Classes.HandleException
 0001:00070084       Classes.IdentToInt
 0001:0007032C       Classes.InitComponent
 0001:000703D4       Classes.InitInheritedComponent
 0001:00076274       Classes.InitThreadSynchronization
 0004:00005C10       Classes.InstBlockList
 0004:00005C14       Classes.InstFreeList
 0004:00005BE8       Classes.IntConstList
 0001:000701C4       Classes.InternalReadComponentRes
 0001:000700C4       Classes.IntToIdent
 0001:0006F214       Classes.InvalidPoint
 0001:000701A0       Classes.IsUniqueGlobalComponentName
 0004:00005BDC       Classes.IsUniqueGlobalComponentNameProc
 0001:00077580       Classes.MakeObjectInstance
 0001:00070A3C       Classes.Min
 0001:00077550       Classes.ModuleUnload
 0003:00004304       Classes.NilMethod
 0001:000702A0       Classes.NotifyGlobalLoading
 0001:0006F19C       Classes.Point
 0001:0006F5E0       Classes.PointerInModule
 0001:000735CC       Classes.PropertyNotFound
 0001:00074998       Classes.PropPathError
 0001:000735C0       Classes.PropValueError
 0001:0007257C       Classes.RaiseException
 0001:00075C7C       Classes.ReadCustomVariant
 0001:000735A8       Classes.ReadError
 0001:00073F14       Classes.Recover
 0001:0006F1C4       Classes.Rect
 0004:00005BEC       Classes.RegGroups
 0001:0006FD94       Classes.RegisterClass
 0001:00070108       Classes.RegisterFindGlobalComponentProc
 0001:0006FFDC       Classes.RegisterIntegerConsts
 0003:000042E0       Classes.RemoveDataModule
 0001:00073478       Classes.RemoveFixupReferences
 0001:00073524       Classes.RemoveFixups
 0001:000738BC       Classes.RemoveGlobalFixup
 0001:000762C0       Classes.ResetSyncEvent
 0001:00071200       Classes.ReturnAddr
 0001:00070564       Classes.ReturnAddr
 0001:00074084       Classes.SetCompName
 0001:000735F8       Classes.SetElementValue
 0001:00074CF0       Classes.SetInterfaceReference
 0001:00074C0C       Classes.SetIntIdent
 0001:00074C54       Classes.SetObjectIdent
 0001:00073E8C       Classes.SetSubComponentState
 0001:00074C94       Classes.SetVariantReference
 0001:0007579C       Classes.SkipBinary
 0001:000757CC       Classes.SkipCollection
 0001:00075774       Classes.SkipList
 0001:0006F1B4       Classes.SmallPoint
 0001:0006FE50       Classes.StartClassGroup
 0001:00077558       Classes.StdWndProc
 0001:000723A4       Classes.StringListCompareStrings
 0004:00005BE0       Classes.SyncEvent
 0003:0000430C       Classes.SyncList
 0001:00076F50       Classes.TBasicAction.Change
 0001:00076DE4       Classes.TBasicAction.Create
 0001:00076E28       Classes.TBasicAction.Destroy
 0001:00076EBC       Classes.TBasicAction.Execute
 0001:00076E8C       Classes.TBasicAction.ExecuteTarget
 0001:00076E88       Classes.TBasicAction.HandlesTarget
 0001:00076E90       Classes.TBasicAction.Notification
 0001:00076F64       Classes.TBasicAction.RegisterChanges
 0001:00076FB0       Classes.TBasicAction.SetActionComponent
 0001:00076EF4       Classes.TBasicAction.SetOnExecute
 0001:00076F70       Classes.TBasicAction.UnRegisterChanges
 0001:00076ED8       Classes.TBasicAction.Update
 0001:00076EB8       Classes.TBasicAction.UpdateTarget
 0001:00076D34       Classes.TBasicActionLink.AssignClient
 0001:00076D6C       Classes.TBasicActionLink.Change
 0001:00076CF0       Classes.TBasicActionLink.Create
 0001:00076D38       Classes.TBasicActionLink.Destroy
 0001:00076D84       Classes.TBasicActionLink.Execute
 0001:00076DCC       Classes.TBasicActionLink.IsOnExecuteLinked
 0001:00076DA0       Classes.TBasicActionLink.SetAction
 0001:00076DD0       Classes.TBasicActionLink.SetOnExecute
 0001:00076DD8       Classes.TBasicActionLink.Update
 0001:000709F4       Classes.TBits.Destroy
 0001:00070A24       Classes.TBits.Error
 0001:00070B18       Classes.TBits.OpenBit
 0001:00070AEC       Classes.TBits.SetBit
 0001:00070A48       Classes.TBits.SetSize
 0001:0006FAC4       Classes.TClassFinder.Create
 0001:0006FBF0       Classes.TClassFinder.Destroy
 0001:0006FC20       Classes.TClassFinder.GetClass
 0001:00070E18       Classes.TCollection.Add
 0001:00070E38       Classes.TCollection.Clear
 0001:00076588       Classes.TComponent.BeforeDestruction
 0001:00076AC0       Classes.TComponent.ChangeName
 0001:000764C0       Classes.TComponent.Create
 0001:00076850       Classes.TComponent.DefineProperties
 0001:0007650C       Classes.TComponent.Destroy
 0001:00076718       Classes.TComponent.DestroyComponents
 0001:00076774       Classes.TComponent.Destroying
 0001:00076BFC       Classes.TComponent.ExecuteAction
 0001:000769E0       Classes.TComponent.FindComponent
 0001:00076594       Classes.TComponent.FreeNotification
 0001:000768E4       Classes.TComponent.GetChildOwner
 0001:000768E8       Classes.TComponent.GetChildParent
 0001:000768DC       Classes.TComponent.GetChildren
 0001:00076AD4       Classes.TComponent.GetComponent
 0001:00076B00       Classes.TComponent.GetComponentCount
 0001:000768EC       Classes.TComponent.GetNamePath
 0001:00076900       Classes.TComponent.GetOwner
 0001:00076908       Classes.TComponent.GetParentComponent
 0001:000768D8       Classes.TComponent.HasParent
 0001:00076628       Classes.TComponent.Insert
 0001:0007667C       Classes.TComponent.InsertComponent
 0001:00076CEC       Classes.TComponent.IntfGetComponent
 0001:00076928       Classes.TComponent.Loaded
 0001:000767F0       Classes.TComponent.Notification
 0001:00076934       Classes.TComponent.PaletteCreated
 0001:00076C6C       Classes.TComponent.QueryInterface
 0001:000765E8       Classes.TComponent.ReadLeft
 0001:00076938       Classes.TComponent.ReadState
 0001:000765FC       Classes.TComponent.ReadTop
 0001:00076654       Classes.TComponent.Remove
 0001:000766E0       Classes.TComponent.RemoveComponent
 0001:000767D4       Classes.TComponent.RemoveFreeNotification
 0001:000767B0       Classes.TComponent.RemoveNotification
 0001:00076C4C       Classes.TComponent.SafeCallException
 0001:00076904       Classes.TComponent.SetChildOrder
 0001:00076B10       Classes.TComponent.SetComponentIndex
 0001:00076B64       Classes.TComponent.SetDesigning
 0001:00076A30       Classes.TComponent.SetName
 0001:0007690C       Classes.TComponent.SetParentComponent
 0001:00076BB4       Classes.TComponent.SetReference
 0001:00076C24       Classes.TComponent.UpdateAction
 0001:0007691C       Classes.TComponent.Updated
 0001:00076C64       Classes.TComponent.UpdateRegistry
 0001:00076910       Classes.TComponent.Updating
 0001:000769C8       Classes.TComponent.ValidateContainer
 0001:000769DC       Classes.TComponent.ValidateInsert
 0001:00076948       Classes.TComponent.ValidateRename
 0001:00076610       Classes.TComponent.WriteLeft
 0001:00076940       Classes.TComponent.WriteState
 0001:0007661C       Classes.TComponent.WriteTop
 0001:00076CAC       Classes.TComponent._AddRef
 0001:00076CCC       Classes.TComponent._Release
 0001:00072B38       Classes.TCustomMemoryStream.Read
 0001:00072B70       Classes.TCustomMemoryStream.Seek
 0001:00072B30       Classes.TCustomMemoryStream.SetPointer
 0001:00072EE0       Classes.TFiler.Create
 0001:00072F28       Classes.TFiler.Destroy
 0001:00072F50       Classes.TFiler.SetRoot
 0001:00072988       Classes.TFileStream.Create
 0001:00072944       Classes.TFileStream.Create
 0001:00072AFC       Classes.TFileStream.Destroy
 0001:00072880       Classes.THandleStream.Create
 0001:000728BC       Classes.THandleStream.Read
 0001:000728DC       Classes.THandleStream.Seek
 0001:0007291C       Classes.THandleStream.SetSize
 0001:00072908       Classes.THandleStream.SetSize
 0001:000728CC       Classes.THandleStream.Write
 0004:00005BF8       Classes.ThreadLock
 0001:0006FFA4       Classes.TIntConst.Create
 0001:00070D60       Classes.TInterfacedPersistent.AfterConstruction
 0001:00070DF0       Classes.TInterfacedPersistent.QueryInterface
 0001:00070DB0       Classes.TInterfacedPersistent._AddRef
 0001:00070DD0       Classes.TInterfacedPersistent._Release
 0001:000704BC       Classes.TList.Add
 0001:000704F0       Classes.TList.Clear
 0001:00070508       Classes.TList.Delete
 0001:0007049C       Classes.TList.Destroy
 0001:00070568       Classes.TList.Error
 0001:000705A0       Classes.TList.Error
 0001:000705F4       Classes.TList.Expand
 0001:0007060C       Classes.TList.First
 0001:00070614       Classes.TList.Get
 0001:0007063C       Classes.TList.Grow
 0001:00070670       Classes.TList.IndexOf
 0001:00070690       Classes.TList.Insert
 0001:000706FC       Classes.TList.Last
 0001:00070828       Classes.TList.Notify
 0001:00070708       Classes.TList.Put
 0001:00070758       Classes.TList.Remove
 0001:00070778       Classes.TList.SetCapacity
 0001:000707B4       Classes.TList.SetCount
 0001:00072BC0       Classes.TMemoryStream.Clear
 0001:00072B94       Classes.TMemoryStream.Destroy
 0001:00072BD8       Classes.TMemoryStream.LoadFromStream
 0001:00072C64       Classes.TMemoryStream.Realloc
 0001:00072C10       Classes.TMemoryStream.SetCapacity
 0001:00072C38       Classes.TMemoryStream.SetSize
 0001:00072CE4       Classes.TMemoryStream.Write
 0001:00070BBC       Classes.TPersistent.Assign
 0001:00070BD0       Classes.TPersistent.AssignError
 0001:00070CA0       Classes.TPersistent.AssignTo
 0001:00070CA8       Classes.TPersistent.DefineProperties
 0001:00070B90       Classes.TPersistent.Destroy
 0001:00070CAC       Classes.TPersistent.GetNamePath
 0001:00070D5C       Classes.TPersistent.GetOwner
 0001:0007302C       Classes.TPropFixup.Create
 0001:00073084       Classes.TPropFixup.MakeGlobalReference
 0001:000730CC       Classes.TPropFixup.ResolveReference
 0001:000730DC       Classes.TPropIntfFixup.ResolveReference
 0001:0007364C       Classes.TReader.CheckValue
 0001:000736AC       Classes.TReader.DefineBinaryProperty
 0001:00073670       Classes.TReader.DefineProperty
 0001:00073610       Classes.TReader.Destroy
 0001:00073938       Classes.TReader.DoFixupReferences
 0001:00073794       Classes.TReader.EndOfList
 0001:000737A8       Classes.TReader.Error
 0001:00075AC8       Classes.TReader.FindAncestorComponent
 0001:00075BC0       Classes.TReader.FindComponentClass
 0001:00073854       Classes.TReader.FindMethod
 0001:000737CC       Classes.TReader.FindMethodInstance
 0001:00073A7C       Classes.TReader.FlushBuffer
 0001:00073AA0       Classes.TReader.FreeFixups
 0001:00073ADC       Classes.TReader.GetFieldClass
 0001:00073B74       Classes.TReader.GetPosition
 0001:00073B8C       Classes.TReader.NextValue
 0001:00073B9C       Classes.TReader.PropertyError
 0001:00073BB0       Classes.TReader.Read
 0001:00073C38       Classes.TReader.ReadBoolean
 0001:00073BFC       Classes.TReader.ReadBuffer
 0001:00073C4C       Classes.TReader.ReadChar
 0001:00073D08       Classes.TReader.ReadCollection
 0001:000741C8       Classes.TReader.ReadComponent
 0001:00074608       Classes.TReader.ReadCurrency
 0001:00074408       Classes.TReader.ReadData
 0001:00074478       Classes.TReader.ReadDataInner
 0001:00074658       Classes.TReader.ReadDate
 0001:00074580       Classes.TReader.ReadDouble
 0001:00074548       Classes.TReader.ReadFloat
 0001:0007469C       Classes.TReader.ReadIdent
 0001:00074804       Classes.TReader.ReadInt64
 0001:00074798       Classes.TReader.ReadInteger
 0001:00074848       Classes.TReader.ReadListBegin
 0001:00074850       Classes.TReader.ReadListEnd
 0001:00074858       Classes.TReader.ReadPrefix
 0001:000749B4       Classes.TReader.ReadProperty
 0001:00074DB0       Classes.TReader.ReadPropValue
 0001:00075128       Classes.TReader.ReadRootComponent
 0001:0007545C       Classes.TReader.ReadSet
 0001:00075518       Classes.TReader.ReadSignature
 0001:000745C4       Classes.TReader.ReadSingle
 0001:0007553C       Classes.TReader.ReadStr
 0001:00075578       Classes.TReader.ReadString
 0001:00075718       Classes.TReader.ReadValue
 0001:00075E44       Classes.TReader.ReadVariant
 0001:00073CAC       Classes.TReader.ReadWideChar
 0001:00075634       Classes.TReader.ReadWideString
 0001:00075B80       Classes.TReader.ReferenceName
 0001:00075B98       Classes.TReader.SetName
 0001:00075C34       Classes.TReader.SkipBytes
 0001:00075A20       Classes.TReader.SkipComponent
 0001:000759D8       Classes.TReader.SkipProperty
 0001:0007572C       Classes.TReader.SkipSetBody
 0001:00075828       Classes.TReader.SkipValue
 0001:0006F2D8       Classes.TRegGroup.AddClass
 0001:0006F2E4       Classes.TRegGroup.BestClass
 0001:0006F344       Classes.TRegGroup.BestGroup
 0001:0006F3B4       Classes.TRegGroup.Create
 0001:0006F410       Classes.TRegGroup.Destroy
 0001:0006F450       Classes.TRegGroup.GetClass
 0001:0006F4B8       Classes.TRegGroup.InGroup
 0001:0006F4FC       Classes.TRegGroup.RegisterClass
 0001:0006F5BC       Classes.TRegGroup.Registered
 0001:0006F600       Classes.TRegGroup.UnregisterModuleClasses
 0001:0006F6AC       Classes.TRegGroups.Activate
 0001:0006F6F8       Classes.TRegGroups.Create
 0001:0006F76C       Classes.TRegGroups.Destroy
 0001:0006F7CC       Classes.TRegGroups.FindGroup
 0001:0006F810       Classes.TRegGroups.GetClass
 0001:0006F8E4       Classes.TRegGroups.GroupWith
 0001:0006F9B0       Classes.TRegGroups.Lock
 0001:0006F9BC       Classes.TRegGroups.RegisterClass
 0001:0006F9D4       Classes.TRegGroups.Registered
 0001:0006FA18       Classes.TRegGroups.StartGroup
 0001:0006FA68       Classes.TRegGroups.Unlock
 0001:0006FA74       Classes.TRegGroups.UnregisterModuleClasses
 0001:00072D34       Classes.TResourceStream.Create
 0001:00072E98       Classes.TResourceStream.Destroy
 0001:00072E2C       Classes.TResourceStream.Initialize
 0001:00072EC8       Classes.TResourceStream.Write
 0001:0007272C       Classes.TStream.CopyFrom
 0001:00072490       Classes.TStream.GetPosition
 0001:000724C4       Classes.TStream.GetSize
 0001:000726BC       Classes.TStream.ReadBuffer
 0001:00072820       Classes.TStream.ReadComponent
 0001:000725C8       Classes.TStream.Seek
 0001:0007264C       Classes.TStream.Seek
 0001:000724B0       Classes.TStream.SetPosition
 0001:00072528       Classes.TStream.SetSize
 0001:00072510       Classes.TStream.SetSize
 0001:00072514       Classes.TStream.SetSize64
 0001:000726F4       Classes.TStream.WriteBuffer
 0001:000774CC       Classes.TStreamAdapter.Clone
 0001:00077420       Classes.TStreamAdapter.Commit
 0001:00077218       Classes.TStreamAdapter.CopyTo
 0001:00076FDC       Classes.TStreamAdapter.Create
 0001:00077028       Classes.TStreamAdapter.Destroy
 0001:00077438       Classes.TStreamAdapter.LockRegion
 0001:00077060       Classes.TStreamAdapter.Read
 0001:0007742C       Classes.TStreamAdapter.Revert
 0001:00077130       Classes.TStreamAdapter.Seek
 0001:000771B4       Classes.TStreamAdapter.SetSize
 0001:00077450       Classes.TStreamAdapter.Stat
 0001:00077444       Classes.TStreamAdapter.UnlockRegion
 0001:000770C8       Classes.TStreamAdapter.Write
 0001:00071E10       Classes.TStringList.Add
 0001:00071E20       Classes.TStringList.AddObject
 0001:00071E84       Classes.TStringList.Changed
 0001:00071EA0       Classes.TStringList.Changing
 0001:00071EBC       Classes.TStringList.Clear
 0001:0007240C       Classes.TStringList.CompareStrings
 0001:000723D4       Classes.TStringList.CustomSort
 0001:00071EFC       Classes.TStringList.Delete
 0001:00071DB4       Classes.TStringList.Destroy
 0001:00071F68       Classes.TStringList.Exchange
 0001:00071FC4       Classes.TStringList.ExchangeItems
 0001:00071FE8       Classes.TStringList.Find
 0001:0007206C       Classes.TStringList.Get
 0001:000720A0       Classes.TStringList.GetCapacity
 0001:000720A4       Classes.TStringList.GetCount
 0001:000720A8       Classes.TStringList.GetObject
 0001:000720D0       Classes.TStringList.Grow
 0001:00072104       Classes.TStringList.IndexOf
 0001:00072140       Classes.TStringList.Insert
 0001:000721A4       Classes.TStringList.InsertItem
 0001:00072150       Classes.TStringList.InsertObject
 0001:00072220       Classes.TStringList.Put
 0001:0007227C       Classes.TStringList.PutObject
 0001:000722BC       Classes.TStringList.QuickSort
 0001:00072350       Classes.TStringList.SetCapacity
 0001:0007236C       Classes.TStringList.SetSorted
 0001:0007238C       Classes.TStringList.SetUpdateState
 0001:000723C4       Classes.TStringList.Sort
 0001:00070ED0       Classes.TStrings.Add
 0001:00070EF4       Classes.TStrings.AddObject
 0001:00070F18       Classes.TStrings.AddStrings
 0001:00070FD0       Classes.TStrings.Assign
 0001:00071088       Classes.TStrings.BeginUpdate
 0001:00071D3C       Classes.TStrings.CompareStrings
 0001:000710F8       Classes.TStrings.DefineProperties
 0001:00070EA0       Classes.TStrings.Destroy
 0001:00071144       Classes.TStrings.EndUpdate
 0001:00071158       Classes.TStrings.Equals
 0001:0007123C       Classes.TStrings.Error
 0001:00071204       Classes.TStrings.Error
 0001:00071294       Classes.TStrings.Exchange
 0001:00071380       Classes.TStrings.GetCapacity
 0001:00071CDC       Classes.TStrings.GetLineBreak
 0001:00071D80       Classes.TStrings.GetNameValueSeparator
 0001:00071388       Classes.TStrings.GetObject
 0001:0007138C       Classes.TStrings.GetText
 0001:000713E0       Classes.TStrings.GetTextStr
 0001:00071518       Classes.TStrings.IndexOf
 0001:000715A4       Classes.TStrings.IndexOfName
 0001:00071678       Classes.TStrings.IndexOfObject
 0001:000716AC       Classes.TStrings.InsertObject
 0001:000716DC       Classes.TStrings.LoadFromFile
 0001:00071730       Classes.TStrings.LoadFromStream
 0001:000717DC       Classes.TStrings.Move
 0001:0007188C       Classes.TStrings.Put
 0001:000718BC       Classes.TStrings.PutObject
 0001:000718C0       Classes.TStrings.ReadData
 0001:00071970       Classes.TStrings.SaveToFile
 0001:000719C8       Classes.TStrings.SaveToStream
 0001:00071A28       Classes.TStrings.SetCapacity
 0001:00071D10       Classes.TStrings.SetLineBreak
 0001:00071D98       Classes.TStrings.SetNameValueSeparator
 0001:00071A2C       Classes.TStrings.SetStringsAdapter
 0001:00071A60       Classes.TStrings.SetText
 0001:00071AB0       Classes.TStrings.SetTextStr
 0001:00071C54       Classes.TStrings.SetUpdateState
 0001:00071C58       Classes.TStrings.WriteData
 0001:000708FC       Classes.TThreadList.Add
 0001:0007082C       Classes.TThreadList.Create
 0001:00070880       Classes.TThreadList.Destroy
 0001:00070984       Classes.TThreadList.LockList
 0001:00070998       Classes.TThreadList.Remove
 0001:000709E8       Classes.TThreadList.UnlockList
 0001:00076064       Classes.TWriter.Write
 0001:000760C8       Classes.TWriter.WriteBoolean
 0001:000760B0       Classes.TWriter.WriteBuffer
 0001:000760DC       Classes.TWriter.WriteInteger
 0001:00076150       Classes.TWriter.WriteListBegin
 0001:00076158       Classes.TWriter.WriteListEnd
 0001:00076160       Classes.TWriter.WriteMinStr
 0001:0007620C       Classes.TWriter.WriteString
 0001:00076260       Classes.TWriter.WriteValue
 0001:00070148       Classes.UnregisterFindGlobalComponentProc
 0001:0006FE04       Classes.UnRegisterModuleClasses
 0003:00004314       Classes.UtilWindowClass
 0001:000762CC       Classes.WaitForSyncEvent
 0003:000042F8       Classes.WakeMainThread
 0004:00005DD4       Clipbrd..2
 0004:00005DD2       Clipbrd.CF_COMPONENT
 0004:00005DD0       Clipbrd.CF_PICTURE
 0002:00000798       Clipbrd.Clipbrd
 0004:00005DD8       Clipbrd.FClipboard
 0001:00083DE8       Clipbrd.Finalization
 0001:0002E93C       CommCtrl.ImageList_Add
 0001:0002E96C       CommCtrl.ImageList_BeginDrag
 0001:0002E91C       CommCtrl.ImageList_Create
 0001:0002E924       CommCtrl.ImageList_Destroy
 0001:0002E97C       CommCtrl.ImageList_DragEnter
 0001:0002E984       CommCtrl.ImageList_DragLeave
 0001:0002E98C       CommCtrl.ImageList_DragMove
 0001:0002E994       CommCtrl.ImageList_DragShowNolock
 0001:0002E954       CommCtrl.ImageList_Draw
 0001:0002E95C       CommCtrl.ImageList_DrawEx
 0001:0002E974       CommCtrl.ImageList_EndDrag
 0001:0002E94C       CommCtrl.ImageList_GetBkColor
 0001:0002E9AC       CommCtrl.ImageList_GetIconSize
 0001:0002E92C       CommCtrl.ImageList_GetImageCount
 0001:0002E99C       CommCtrl.ImageList_Read
 0001:0002E964       CommCtrl.ImageList_Remove
 0001:0002E944       CommCtrl.ImageList_SetBkColor
 0001:0002E9B4       CommCtrl.ImageList_SetIconSize
 0001:0002E934       CommCtrl.ImageList_SetImageCount
 0001:0002E9A4       CommCtrl.ImageList_Write
 0001:0002E914       CommCtrl.InitCommonControls
 0001:0002E9BC       CommCtrl._TrackMouseEvent
 0001:0002E9C4       CommDlg.GetSaveFileNameA
 0001:0002E9CC       CommDlg.GetSaveFileNameW
 0001:0002E9D4       CommDlg.PrintDlg
 0001:000B27F0       ConsoleLogWriter..TConsoleLogWriter
 0001:000B2878       ConsoleLogWriter.TConsoleLogWriter.ActuallyWrite
 0001:000B290C       ConsoleLogWriter.TConsoleLogWriter.Destroy
 0001:000B2854       ConsoleLogWriter.TConsoleLogWriter.SetFormat
 0001:000B28F8       ConsoleLogWriter.TConsoleLogWriter.Write
 0001:00077DC8       Contnrs..TObjectList
 0001:00077E30       Contnrs..TOrderedList
 0001:00077E98       Contnrs..TStack
 0001:00077EF8       Contnrs.TObjectList.Add
 0001:00077F00       Contnrs.TObjectList.Create
 0001:00077F44       Contnrs.TObjectList.GetItem
 0001:00077F58       Contnrs.TObjectList.Notify
 0001:00077F84       Contnrs.TObjectList.Remove
 0001:00077FA4       Contnrs.TOrderedList.Create
 0001:00077FE8       Contnrs.TOrderedList.Destroy
 0001:00078018       Contnrs.TOrderedList.PeekItem
 0001:00077F8C       Contnrs.TOrderedList.Pop
 0001:0007802C       Contnrs.TOrderedList.PopItem
 0001:00077F94       Contnrs.TOrderedList.Push
 0001:0007804C       Contnrs.TStack.PushItem
 0004:00005E30       Controls..33
 0001:0008BE60       Controls..TBaseDragControlObject
 0001:0008D18C       Controls..TControl
 0001:0008C330       Controls..TControlActionLink
 0001:0008C1A8       Controls..TControlCanvas
 0001:0008DC9C       Controls..TCustomControl
 0001:0008C248       Controls..TCustomControlAction
 0001:0008E0E4       Controls..TDockTree
 0001:0008DF98       Controls..TDockZone
 0001:0008BF24       Controls..TDragControlObject
 0001:0008BFB0       Controls..TDragControlObjectEx
 0001:0008C040       Controls..TDragDockObject
 0001:0008C108       Controls..TDragDockObjectEx
 0001:0008BDBC       Controls..TDragObject
 0001:0008DE08       Controls..THintWindow
 0001:0008C768       Controls..TMargins
 0001:0008E188       Controls..TMouse
 0001:0008C880       Controls..TPadding
 0001:0008E6D8       Controls..TSiteList
 0001:0008C61C       Controls..TSizeConstraints
 0001:0008D88C       Controls..TWinControl
 0001:0008D5FC       Controls..TWinControlActionLink
 0001:0008ED48       Controls.AbsMin
 0004:00005E64       Controls.ActiveDrag
 0001:0009503C       Controls.AlignWork
 0003:00004C58       Controls.AnchorAlign
 0003:00004C4C       Controls.AnimateWindowProc
 0003:00004D58       Controls.AnimationStyle
 0001:00091C84       Controls.BackgroundClipped
 0001:0009E400       Controls.CalcSplitterPos
 0001:0008FDEC       Controls.CancelDrag
 0004:00005E78       Controls.CanvasList
 0003:00004D10       Controls.CaptureControl
 0001:0008FA54       Controls.CheckUndock
 0001:0009B288       Controls.ClientToWindow
 0004:00005E36       Controls.ControlAtom
 0004:00005E3C       Controls.ControlAtomString
 0002:00000888       Controls.Controls
 0003:00004C50       Controls.CreationControl
 0003:00004D14       Controls.csPerformingShowingChanged
 0003:00004D50       Controls.Ctl3DStyles
 0003:00004C60       Controls.Cursors
 0001:0008E570       Controls.CursorToIdent
 0003:00004C54       Controls.DefaultDockTreeClass
 0001:00095F5C       Controls.DestroyChildWindow
 0001:00094EB0       Controls.DoAlign
 0001:00099D1C       Controls.DoCalcConstraints
 0004:00005E6C       Controls.DockSiteList
 0001:00096E30       Controls.DoControlMsg
 0001:0008F35C       Controls.DoDragOver
 0001:0009BF08       Controls.DoFindControlZone
 0001:0009C630       Controls.DoFindZone
 0001:0009BF8C       Controls.DoForEach
 0001:0009DBD4       Controls.DoGetNextLimit
 0001:0009EC0C       Controls.DoneControls
 0001:00094E68       Controls.DoPosition
 0001:0009D0E4       Controls.DoPrune
 0001:0009D5F8       Controls.DoSaveZone
 0001:0009D8BC       Controls.DoSetNewBounds
 0001:00095C08       Controls.DoWriteDesignSize
 0001:00092FF8       Controls.DoWriteExplicit
 0001:00092FC4       Controls.DoWriteIsControl
 0004:00005E50       Controls.DragCapture
 0004:00005E44       Controls.DragControl
 0001:0008FAC8       Controls.DragDone
 0001:0008F30C       Controls.DragFindTarget
 0001:0008F2E0       Controls.DragFindWindow
 0004:00005E68       Controls.DragImageList
 0001:0008F720       Controls.DragInit
 0001:0008F890       Controls.DragInitControl
 0004:00005E4C       Controls.DragInternalObject
 0001:0008F228       Controls.DragMessage
 0004:00005E48       Controls.DragObject
 0004:00005E74       Controls.DragSave
 0004:00005E5C       Controls.DragSaveCursor
 0004:00005E54       Controls.DragStartPos
 0004:00005E60       Controls.DragThreshold
 0001:0008F438       Controls.DragTo
 0001:0009CB68       Controls.DrawCloseButton
 0001:0009CBFC       Controls.DrawGrabberLine
 0001:0009CC84       Controls.DrawThemedGrabber
 0001:000972DC       Controls.DrawThemeEdge
 0003:00004D40       Controls.EdgeStyles
 0001:0009F22C       Controls.Finalization
 0001:0008E320       Controls.FindControl
 0001:0008FE38       Controls.FindDragTarget
 0001:0008FE04       Controls.FindVCLWindow
 0001:0008FEFC       Controls.FreeDeviceContext
 0001:0008FFB8       Controls.FreeDeviceContexts
 0001:0008E66C       Controls.GetCaptureControl
 0001:00094CD8       Controls.GetClientSize
 0001:00096478       Controls.GetControlAtPos
 0001:0009DCB4       Controls.GetDockAlign
 0001:0008F078       Controls.GetDockSiteAtPos
 0001:0008F398       Controls.GetDropCtl
 0001:0009BC38       Controls.GetLastChildZone
 0001:0008E5D4       Controls.GetLongHint
 0001:0008E590       Controls.GetShortHint
 0001:0008E778       Controls.GetTopParent
 0001:0009DD30       Controls.HideZone
 0001:0008E580       Controls.IdentToCursor
 0003:00004D80       Controls.IMM32DLL
 0001:0009EBF8       Controls.Imm32IsIME
 0001:0009EC94       Controls.InitControls
 0001:0009E89C       Controls.InitIMM32
 0001:0008E1DC       Controls.InitWndProc
 0003:00004D20       Controls.InnerStyles
 0001:00094D38       Controls.InsertBefore
 0001:0008EE2C       Controls.IsBeforeTargetWindow
 0001:0008F280       Controls.IsDelphiHandle
 0001:0009B66C       Controls.IsOrientationSet
 0001:0008F034       Controls.IsSiteChildOfClient
 0001:0008E37C       Controls.IsVCLControl
 0004:00005E24       Controls.IsVCLControlHook
 0001:0008FE84       Controls.ListAdd
 0001:0008FEAC       Controls.ListRemove
 0003:00004D6C       Controls.MakeLast
 0001:000940C0       Controls.MinVar
 0003:00004D84       Controls.ModeMap
 0004:00005E20       Controls.Mouse
 0001:0008FECC       Controls.MoveWindowOrg
 0004:00005E2C       Controls.NewStyleControls
 0001:0009B650       Controls.NextVisibleZone
 0001:0008E2EC       Controls.ObjectFromHWnd
 0003:00004D64       Controls.OrientArray
 0003:00004D30       Controls.OuterStyles
 0001:0009BA60       Controls.ParentNotLast
 0001:0008E618       Controls.PerformEraseBackground
 0001:00095BF4       Controls.PointsEqual
 0004:00005E70       Controls.QualifyingSites
 0001:0009C7CC       Controls.ReadControlName
 0001:0008F1CC       Controls.RegisterDockSite
 0004:00005E40       Controls.RM_GetObjectInstance
 0001:0008E3AC       Controls.SendAppMessage
 0001:0008E694       Controls.SetCaptureControl
 0001:0009EB20       Controls.SetImeMode
 0001:00093A80       Controls.SetParentColor
 0003:00004D18       Controls.ShowFlags
 0001:0009DDB0       Controls.ShowZone
 0003:00004D78       Controls.SizeCursors
 0001:0008EB48       Controls.TBaseDragControlObject.Assign
 0001:0008EB24       Controls.TBaseDragControlObject.Create
 0001:0008EB74       Controls.TBaseDragControlObject.EndDrag
 0001:0008EB98       Controls.TBaseDragControlObject.Finished
 0001:00093E30       Controls.TControl.ActionChange
 0001:000941E0       Controls.TControl.AdjustSize
 0001:00094014       Controls.TControl.AssignTo
 0001:00091FD8       Controls.TControl.BeginAutoDrag
 0001:00091FF4       Controls.TControl.BeginDrag
 0001:00091B1C       Controls.TControl.BringToFront
 0001:00092A3C       Controls.TControl.CalcCursorPos
 0001:00092BA4       Controls.TControl.CalcDockSizes
 0001:0009293C       Controls.TControl.CanAutoSize
 0001:00092940       Controls.TControl.CanResize
 0001:000914C8       Controls.TControl.ChangeScale
 0001:000935B4       Controls.TControl.CheckNewSize
 0001:000933A8       Controls.TControl.Click
 0001:00091350       Controls.TControl.ClientToScreen
 0001:00093B88       Controls.TControl.CMBiDiModeChanged
 0001:00093A70       Controls.TControl.CMColorChanged
 0001:00093CB8       Controls.TControl.CMDesignHitTest
 0001:00093A50       Controls.TControl.CMEnabledChanged
 0001:00093DD0       Controls.TControl.CMFloat
 0001:00093A60       Controls.TControl.CMFontChanged
 0001:0009422C       Controls.TControl.CMHintShow
 0001:00093C38       Controls.TControl.CMHitTest
 0001:000943E0       Controls.TControl.CMMouseActivate
 0001:00093C40       Controls.TControl.CMMouseEnter
 0001:00093C7C       Controls.TControl.CMMouseLeave
 0001:00093B18       Controls.TControl.CMMouseWheel
 0001:00093AF4       Controls.TControl.CMParentBiDiModeChanged
 0001:00093AB8       Controls.TControl.CMParentColorChanged
 0001:00093BE4       Controls.TControl.CMParentFontChanged
 0001:00093BA8       Controls.TControl.CMParentShowHintChanged
 0001:00093C14       Controls.TControl.CMSysFontChanged
 0001:00093A28       Controls.TControl.CMVisibleChanged
 0001:00092A0C       Controls.TControl.ConstrainedResize
 0001:00090728       Controls.TControl.Create
 0001:00093CC0       Controls.TControl.CreateFloatingDockSite
 0001:00093414       Controls.TControl.DblClick
 0001:0009247C       Controls.TControl.DefaultDockImage
 0001:00092F1C       Controls.TControl.DefaultHandler
 0001:00093218       Controls.TControl.DefineProperties
 0001:00092A68       Controls.TControl.DesignWndProc
 0001:00090820       Controls.TControl.Destroy
 0001:00093F30       Controls.TControl.DoActionChange
 0001:00092970       Controls.TControl.DoCanAutoSize
 0001:000929DC       Controls.TControl.DoCanResize
 0001:00091020       Controls.TControl.Dock
 0001:00092278       Controls.TControl.DockTrackNoTarget
 0001:00092A9C       Controls.TControl.DoConstrainedResize
 0001:0009292C       Controls.TControl.DoConstraintsChange
 0001:000943A0       Controls.TControl.DoContextPopup
 0001:00091150       Controls.TControl.DoDock
 0001:000925C8       Controls.TControl.DoDragMsg
 0001:00092290       Controls.TControl.DoEndDock
 0001:00092178       Controls.TControl.DoEndDrag
 0001:00094404       Controls.TControl.DoMarginChange
 0001:000922DC       Controls.TControl.DoMouseActivate
 0001:0009346C       Controls.TControl.DoMouseDown
 0001:000937E4       Controls.TControl.DoMouseUp
 0001:00092310       Controls.TControl.DoMouseWheel
 0001:000923E4       Controls.TControl.DoMouseWheelDown
 0001:00092430       Controls.TControl.DoMouseWheelUp
 0001:000922BC       Controls.TControl.DoStartDock
 0001:00092158       Controls.TControl.DoStartDrag
 0001:000920E0       Controls.TControl.DragCanceled
 0001:0009212C       Controls.TControl.DragDrop
 0001:000920E4       Controls.TControl.Dragging
 0001:000920F0       Controls.TControl.DragOver
 0001:000925A8       Controls.TControl.DrawDragDockImage
 0001:00094200       Controls.TControl.DrawTextBiDiModeFlagsReadingOnly
 0001:000925B8       Controls.TControl.EraseDragDockImage
 0001:00091968       Controls.TControl.FontChanged
 0001:000909A8       Controls.TControl.GetAction
 0001:00093F54       Controls.TControl.GetActionLinkClass
 0001:00094418       Controls.TControl.GetAlignWithMargins
 0001:000911E0       Controls.TControl.GetBoundsRect
 0001:00091280       Controls.TControl.GetClientHeight
 0001:000912C0       Controls.TControl.GetClientOrigin
 0001:00091224       Controls.TControl.GetClientRect
 0001:0009123C       Controls.TControl.GetClientWidth
 0001:00091F88       Controls.TControl.GetControlsAlignment
 0001:00091BDC       Controls.TControl.GetDeviceContext
 0001:000940FC       Controls.TControl.GetDockEdge
 0001:000908E8       Controls.TControl.GetDragImages
 0001:000908EC       Controls.TControl.GetEnabled
 0001:000941AC       Controls.TControl.GetFloating
 0001:000941D8       Controls.TControl.GetFloatingDockSiteClass
 0001:00091AE4       Controls.TControl.GetMouseCapture
 0001:000908F4       Controls.TControl.GetPalette
 0001:00090900       Controls.TControl.GetParentComponent
 0001:000935AC       Controls.TControl.GetPopupMenu
 0001:000918B8       Controls.TControl.GetText
 0001:00091838       Controls.TControl.GetTextBuf
 0001:00091828       Controls.TControl.GetTextLen
 0001:00091844       Controls.TControl.GetUndockHeight
 0001:00091858       Controls.TControl.GetUndockWidth
 0001:000908F8       Controls.TControl.HasParent
 0001:0009421C       Controls.TControl.InitiateAction
 0001:00091D9C       Controls.TControl.Invalidate
 0001:00091D10       Controls.TControl.InvalidateControl
 0001:00090AD4       Controls.TControl.IsAnchorsStored
 0001:000919DC       Controls.TControl.IsBiDiModeStored
 0001:00091A78       Controls.TControl.IsColorStored
 0001:00093F5C       Controls.TControl.IsEnabledStored
 0001:000919BC       Controls.TControl.IsFontStored
 0001:00093F9C       Controls.TControl.IsHelpContextStored
 0001:00093F7C       Controls.TControl.IsHintStored
 0001:000919D0       Controls.TControl.IsShowHintStored
 0001:00093FBC       Controls.TControl.IsVisibleStored
 0001:00093FDC       Controls.TControl.Loaded
 0001:000926B8       Controls.TControl.ManualDock
 0001:00092898       Controls.TControl.ManualFloat
 0001:00091DB0       Controls.TControl.MouseActivate
 0001:00093434       Controls.TControl.MouseDown
 0001:00093700       Controls.TControl.MouseMove
 0001:000937AC       Controls.TControl.MouseUp
 0001:00091DF8       Controls.TControl.MouseWheelHandler
 0001:00090BEC       Controls.TControl.Notification
 0001:0009092C       Controls.TControl.PaletteChanged
 0001:00092B70       Controls.TControl.Perform
 0001:000921A4       Controls.TControl.PositionDockRect
 0001:000944F4       Controls.TControl.ReadExplicitHeight
 0001:0009450C       Controls.TControl.ReadExplicitLeft
 0001:000944DC       Controls.TControl.ReadExplicitTop
 0001:000944B4       Controls.TControl.ReadExplicitWidth
 0001:00092FA4       Controls.TControl.ReadIsControl
 0001:00090B58       Controls.TControl.ReadState
 0001:00091E8C       Controls.TControl.Repaint
 0001:00090B28       Controls.TControl.RequestAlign
 0001:00090B38       Controls.TControl.Resize
 0001:0009137C       Controls.TControl.ScaleConstraints
 0001:00091400       Controls.TControl.ScreenToClient
 0001:0009142C       Controls.TControl.SendCancelMode
 0001:0009145C       Controls.TControl.SendDockNotification
 0001:00090A58       Controls.TControl.SetAction
 0001:00090C44       Controls.TControl.SetAlign
 0001:00094420       Controls.TControl.SetAlignWithMargins
 0001:000909B8       Controls.TControl.SetAnchors
 0001:00091684       Controls.TControl.SetAutoSize
 0001:0009194C       Controls.TControl.SetBiDiMode
 0001:00090D2C       Controls.TControl.SetBounds
 0001:00091200       Controls.TControl.SetBoundsRect
 0001:00091298       Controls.TControl.SetClientHeight
 0001:00091744       Controls.TControl.SetClientSize
 0001:00091254       Controls.TControl.SetClientWidth
 0001:00091A2C       Controls.TControl.SetColor
 0001:000943D4       Controls.TControl.SetConstraints
 0001:00091AC8       Controls.TControl.SetCursor
 0001:00090AEC       Controls.TControl.SetDesignVisible
 0001:00090B24       Controls.TControl.SetDragMode
 0001:00091810       Controls.TControl.SetEnabled
 0001:000919AC       Controls.TControl.SetFont
 0001:00090FEC       Controls.TControl.SetHeight
 0001:000911A8       Controls.TControl.SetHelpContext
 0001:000911BC       Controls.TControl.SetHelpKeyword
 0001:00090F50       Controls.TControl.SetLeft
 0001:0009440C       Controls.TControl.SetMargins
 0001:00091AF4       Controls.TControl.SetMouseCapture
 0001:000916A0       Controls.TControl.SetName
 0001:0009178C       Controls.TControl.SetParent
 0001:00091AA4       Controls.TControl.SetParentBiDiMode
 0001:00091A80       Controls.TControl.SetParentColor
 0001:00090904       Controls.TControl.SetParentComponent
 0001:000919E4       Controls.TControl.SetParentFont
 0001:0009186C       Controls.TControl.SetPopupMenu
 0001:00091A08       Controls.TControl.SetShowHint
 0001:000918E8       Controls.TControl.SetText
 0001:00091894       Controls.TControl.SetTextBuf
 0001:00090F84       Controls.TControl.SetTop
 0001:000917D8       Controls.TControl.SetVisible
 0001:00090FB8       Controls.TControl.SetWidth
 0001:00091BB8       Controls.TControl.SetZOrder
 0001:00091B30       Controls.TControl.SetZOrderPosition
 0001:00091E78       Controls.TControl.Update
 0001:00090DCC       Controls.TControl.UpdateAnchorRules
 0001:00092C18       Controls.TControl.UpdateBoundsRect
 0001:00094450       Controls.TControl.UpdateExplicitBounds
 0001:00091FA4       Controls.TControl.UseRightToLeftAlignment
 0001:00091F8C       Controls.TControl.UseRightToLeftReading
 0001:00091FBC       Controls.TControl.UseRightToLeftScrollBar
 0001:00092C48       Controls.TControl.VisibleChanging
 0001:00093938       Controls.TControl.WMCancelMode
 0001:0009425C       Controls.TControl.WMContextMenu
 0001:00093558       Controls.TControl.WMLButtonDblClk
 0001:000934F0       Controls.TControl.WMLButtonDown
 0001:0009381C       Controls.TControl.WMLButtonUp
 0001:000936D4       Controls.TControl.WMMButtonDblClk
 0001:000936A8       Controls.TControl.WMMButtonDown
 0001:000938C0       Controls.TControl.WMMButtonUp
 0001:00093734       Controls.TControl.WMMouseMove
 0001:000938E0       Controls.TControl.WMMouseWheel
 0001:0009353C       Controls.TControl.WMNCLButtonDown
 0001:0009367C       Controls.TControl.WMRButtonDblClk
 0001:00093650       Controls.TControl.WMRButtonDown
 0001:000938A0       Controls.TControl.WMRButtonUp
 0001:00093978       Controls.TControl.WMWindowPosChanged
 0001:00092C4C       Controls.TControl.WndProc
 0001:00094494       Controls.TControl.WriteExplicitHeight
 0001:000944A4       Controls.TControl.WriteExplicitLeft
 0001:00094484       Controls.TControl.WriteExplicitTop
 0001:000944CC       Controls.TControl.WriteExplicitWidth
 0001:00092FB8       Controls.TControl.WriteIsControl
 0001:000902D4       Controls.TControlActionLink.AssignClient
 0001:000902F0       Controls.TControlActionLink.DoShowHint
 0001:000903E0       Controls.TControlActionLink.IsCaptionLinked
 0001:00090454       Controls.TControlActionLink.IsDropdownMenuLinked
 0001:00090468       Controls.TControlActionLink.IsEnabledLinked
 0001:0009049C       Controls.TControlActionLink.IsEnableDropdownLinked
 0001:0009063C       Controls.TControlActionLink.IsHelpLinked
 0001:000904B0       Controls.TControlActionLink.IsHintLinked
 0001:0009055C       Controls.TControlActionLink.IsOnExecuteLinked
 0001:000904E8       Controls.TControlActionLink.IsPopupMenuLinked
 0001:00090528       Controls.TControlActionLink.IsVisibleLinked
 0001:00090584       Controls.TControlActionLink.SetCaption
 0001:000905A4       Controls.TControlActionLink.SetDropdownMenu
 0001:000905A8       Controls.TControlActionLink.SetEnabled
 0001:000905C8       Controls.TControlActionLink.SetEnableDropdown
 0001:000906C4       Controls.TControlActionLink.SetHelpContext
 0001:000906A4       Controls.TControlActionLink.SetHelpKeyword
 0001:000906E4       Controls.TControlActionLink.SetHelpType
 0001:000905CC       Controls.TControlActionLink.SetHint
 0001:00090610       Controls.TControlActionLink.SetOnExecute
 0001:00090704       Controls.TControlActionLink.SetPopupMenu
 0001:000905F0       Controls.TControlActionLink.SetVisible
 0001:00090090       Controls.TControlCanvas.CreateHandle
 0001:00090064       Controls.TControlCanvas.Destroy
 0001:00090138       Controls.TControlCanvas.FreeHandle
 0001:0009016C       Controls.TControlCanvas.SetControl
 0001:00090184       Controls.TControlCanvas.UpdateTextFlags
 0001:0009B4F4       Controls.TCustomControl.Create
 0001:0009B550       Controls.TCustomControl.Destroy
 0001:0009B64C       Controls.TCustomControl.Paint
 0001:0009B5A0       Controls.TCustomControl.PaintWindow
 0001:0009B580       Controls.TCustomControl.WMPaint
 0001:0009E208       Controls.TDockTree.ActualSize
 0001:0009BED8       Controls.TDockTree.AdjustDockRect
 0001:0009E29C       Controls.TDockTree.AdjustFrameRect
 0001:0009BEF0       Controls.TDockTree.BeginUpdate
 0001:0009DEE8       Controls.TDockTree.ControlVisibilityChanged
 0001:0009BD1C       Controls.TDockTree.Create
 0001:0009BE84       Controls.TDockTree.Destroy
 0001:0009DAE8       Controls.TDockTree.DrawSizeSplitter
 0001:0009BEF4       Controls.TDockTree.EndUpdate
 0001:0009C5A4       Controls.TDockTree.FindControlAtPos
 0001:0009BF60       Controls.TDockTree.FindControlZone
 0001:0009BFC8       Controls.TDockTree.ForEachAt
 0001:0009BFE0       Controls.TDockTree.GetControlBounds
 0001:0009DC64       Controls.TDockTree.GetNextLimit
 0001:0009C054       Controls.TDockTree.HitTest
 0001:0009C064       Controls.TDockTree.InsertControl
 0001:0009C280       Controls.TDockTree.InsertNewParent
 0001:0009C428       Controls.TDockTree.InsertSibling
 0001:0009C744       Controls.TDockTree.InternalHitTest
 0001:0009C814       Controls.TDockTree.LoadFromStream
 0001:0009E2DC       Controls.TDockTree.MouseDown
 0001:0009E490       Controls.TDockTree.MouseMove
 0001:0009E4E0       Controls.TDockTree.MouseUp
 0001:0009CCE0       Controls.TDockTree.PaintDockFrame
 0001:0009CE34       Controls.TDockTree.PaintSite
 0001:0009CF68       Controls.TDockTree.PositionDockRect
 0001:0009D118       Controls.TDockTree.PruneZone
 0001:0009E270       Controls.TDockTree.ReferenceFromOrient
 0001:0009E238       Controls.TDockTree.RelativeSize
 0001:0009D174       Controls.TDockTree.RemoveControl
 0001:0009D1B4       Controls.TDockTree.RemoveZone
 0001:0009D454       Controls.TDockTree.ResetBounds
 0001:0009D708       Controls.TDockTree.SaveToStream
 0001:0009D53C       Controls.TDockTree.ScaleZone
 0001:0009D944       Controls.TDockTree.SetNewBounds
 0001:0009D974       Controls.TDockTree.SetReplacingControl
 0001:0009D98C       Controls.TDockTree.ShiftZone
 0001:0009E554       Controls.TDockTree.ShowHint
 0001:0009D9C0       Controls.TDockTree.SplitterMouseDown
 0001:0009DA20       Controls.TDockTree.SplitterMouseUp
 0001:0009DA9C       Controls.TDockTree.UpdateAll
 0001:0009DAC4       Controls.TDockTree.UpdateZone
 0001:0009DAD4       Controls.TDockTree.WindowProc
 0001:0009DF70       Controls.TDockTree.WndProc
 0001:0009C4A0       Controls.TDockTree.ZoneCaptionHitTest
 0001:0009B690       Controls.TDockZone.Create
 0001:0009BC48       Controls.TDockZone.ExpandZoneLimit
 0001:0009BD10       Controls.TDockZone.FirstVisibleChild
 0001:0009B6B4       Controls.TDockZone.GetChildCount
 0001:0009B998       Controls.TDockZone.GetControlName
 0001:0009B838       Controls.TDockZone.GetHeightWidth
 0001:0009B724       Controls.TDockZone.GetLimitBegin
 0001:0009B76C       Controls.TDockZone.GetLimitSize
 0001:0009B7B4       Controls.TDockZone.GetTopLeft
 0001:0009B6EC       Controls.TDockZone.GetVisible
 0001:0009B6C8       Controls.TDockZone.GetVisibleChildCount
 0001:0009BC0C       Controls.TDockZone.GetZoneLimit
 0001:0009BCE8       Controls.TDockZone.NextVisible
 0001:0009BCF4       Controls.TDockZone.PrevVisible
 0001:0009B8F0       Controls.TDockZone.ResetChildren
 0001:0009BC88       Controls.TDockZone.ResetZoneLimits
 0001:0009B9DC       Controls.TDockZone.SetControlName
 0001:0009BC34       Controls.TDockZone.SetZoneLimit
 0001:0009BA90       Controls.TDockZone.Update
 0001:0008EBCC       Controls.TDragControlObject.GetDragCursor
 0001:0008EBE4       Controls.TDragControlObject.GetDragImages
 0001:0008EBF0       Controls.TDragControlObject.HideDragImage
 0001:0008EC10       Controls.TDragControlObject.ShowDragImage
 0001:0008EC30       Controls.TDragControlObjectEx.BeforeDestruction
 0001:0008ED6C       Controls.TDragDockObject.AdjustDockRect
 0001:0008ECCC       Controls.TDragDockObject.Assign
 0001:0008EC34       Controls.TDragDockObject.Create
 0001:0008EC9C       Controls.TDragDockObject.Destroy
 0001:0008EDE8       Controls.TDragDockObject.DrawDragDockImage
 0001:0008ED2C       Controls.TDragDockObject.EndDrag
 0001:0008EDFC       Controls.TDragDockObject.EraseDragDockImage
 0001:0008EE10       Controls.TDragDockObject.GetDragCursor
 0001:0008EE1C       Controls.TDragDockObject.GetEraseWhenMoving
 0001:0008EE20       Controls.TDragDockObject.GetFrameWidth
 0001:0008EE28       Controls.TDragDockObjectEx.BeforeDestruction
 0001:0009B334       Controls.TDragImageList.BeginDrag
 0001:0009B3A8       Controls.TDragImageList.DragLock
 0001:0009B430       Controls.TDragImageList.DragMove
 0001:0009B40C       Controls.TDragImageList.DragUnlock
 0001:0009B4A4       Controls.TDragImageList.EndDrag
 0001:0009B48C       Controls.TDragImageList.HideDragImage
 0001:0009B310       Controls.TDragImageList.SetDragCursor
 0001:0009B2C8       Controls.TDragImageList.SetDragImage
 0001:0009B474       Controls.TDragImageList.ShowDragImage
 0001:0008EB14       Controls.TDragObject.AfterConstruction
 0001:0008E8C0       Controls.TDragObject.Assign
 0001:0008EB04       Controls.TDragObject.BeforeDestruction
 0001:0008E900       Controls.TDragObject.Capture
 0001:0008E918       Controls.TDragObject.Finished
 0001:0008EA90       Controls.TDragObject.GetDragCursor
 0001:0008EA8C       Controls.TDragObject.GetDragImages
 0001:0008E920       Controls.TDragObject.GetName
 0001:0008EAA8       Controls.TDragObject.HideDragImage
 0001:0008EAAC       Controls.TDragObject.Instance
 0001:0008EAB8       Controls.TDragObject.MainWndProc
 0001:0008E948       Controls.TDragObject.ReleaseCapture
 0001:0008EAB4       Controls.TDragObject.ShowDragImage
 0001:0008E95C       Controls.TDragObject.WndProc
 0001:0009AEF4       Controls.THintWindow.ActivateHint
 0001:0009B170       Controls.THintWindow.ActivateHintData
 0001:0009B198       Controls.THintWindow.CalcHintRect
 0001:0009AE5C       Controls.THintWindow.CMTextChanged
 0001:0009AC08       Controls.THintWindow.Create
 0001:0009AC74       Controls.THintWindow.CreateParams
 0001:0009ADEC       Controls.THintWindow.IsHintMsg
 0001:0009B1F4       Controls.THintWindow.NCPaint
 0001:0009AD44       Controls.THintWindow.Paint
 0001:0009AE50       Controls.THintWindow.ReleaseHandle
 0001:0009B284       Controls.THintWindow.ShouldHideHint
 0001:0009ACD8       Controls.THintWindow.WMNCHitTest
 0001:0009ACE0       Controls.THintWindow.WMNCPaint
 0001:0009B260       Controls.THintWindow.WMPrint
 0001:0009EEA4       Controls.TMargins.AssignTo
 0001:0009EEEC       Controls.TMargins.Change
 0001:0009EE60       Controls.TMargins.Create
 0001:0009F064       Controls.TMargins.GetControlBound
 0001:0009EF00       Controls.TMargins.InitDefaults
 0001:0009EF78       Controls.TMargins.SetControlBounds
 0001:0009EF20       Controls.TMargins.SetMargin
 0001:0009E648       Controls.TMouse.Create
 0001:0009E6D8       Controls.TMouse.CreatePanningWindow
 0001:0009E704       Controls.TMouse.Destroy
 0001:0009E734       Controls.TMouse.GetCapture
 0001:0009E73C       Controls.TMouse.GetCursorPos
 0001:0009E74C       Controls.TMouse.GetIsDragging
 0001:0009E758       Controls.TMouse.GetIsPanning
 0001:0009E77C       Controls.TMouse.GetMouseData
 0001:0009E798       Controls.TMouse.GetNativeData
 0001:0009E7C8       Controls.TMouse.GetRegisteredData
 0001:0009E7F0       Controls.TMouse.SetCapture
 0001:0009E818       Controls.TMouse.SetPanningWindow
 0001:0009E838       Controls.TMouse.SettingChanged
 0001:0009F228       Controls.TPadding.InitDefaults
 0001:00098758       Controls.TraverseControls
 0003:00004D74       Controls.TreeStreamEndFlag
 0001:0008E7A4       Controls.TSiteList.AddSite
 0001:0008E828       Controls.TSiteList.Clear
 0001:0008E740       Controls.TSiteList.Find
 0001:0008E85C       Controls.TSiteList.GetTopSite
 0001:000901EC       Controls.TSizeConstraints.AssignTo
 0001:000902C0       Controls.TSizeConstraints.Change
 0001:000901B0       Controls.TSizeConstraints.Create
 0001:00090234       Controls.TSizeConstraints.SetConstraints
 0001:0009A2A8       Controls.TWinControl.ActionChange
 0001:000957C4       Controls.TWinControl.AddBiDiModeExStyle
 0001:000948C8       Controls.TWinControl.AdjustClientRect
 0001:000998B4       Controls.TWinControl.AdjustSize
 0001:00095194       Controls.TWinControl.AlignControl
 0001:00095090       Controls.TWinControl.AlignControls
 0001:000948F8       Controls.TWinControl.ArrangeControl
 0001:0009A2F0       Controls.TWinControl.AssignTo
 0001:0009572C       Controls.TWinControl.Broadcast
 0001:00099DE0       Controls.TWinControl.CalcConstraints
 0001:0009A320       Controls.TWinControl.CanAutoSize
 0001:00099670       Controls.TWinControl.CanFocus
 0001:00099D14       Controls.TWinControl.CanResize
 0001:00099234       Controls.TWinControl.ChangeScale
 0001:00098A80       Controls.TWinControl.CMBiDiModeChanged
 0001:00098CDC       Controls.TWinControl.CMBorderChanged
 0001:00098B58       Controls.TWinControl.CMChanged
 0001:00098B6C       Controls.TWinControl.CMChildKey
 0001:00098C38       Controls.TWinControl.CMColorChanged
 0001:00098E1C       Controls.TWinControl.CMControlListChange
 0001:00098E30       Controls.TWinControl.CMControlListChanging
 0001:00098D1C       Controls.TWinControl.CMCtl3DChanged
 0001:00098C9C       Controls.TWinControl.CMCursorChanged
 0001:00098B38       Controls.TWinControl.CMDesignHitTest
 0001:00098B88       Controls.TWinControl.CMDialogChar
 0001:00098B80       Controls.TWinControl.CMDialogKey
 0001:00098314       Controls.TWinControl.CMDockClient
 0001:00098DBC       Controls.TWinControl.CMDrag
 0001:00098BF0       Controls.TWinControl.CMEnabledChanged
 0001:00098AB8       Controls.TWinControl.CMEnter
 0001:00098B28       Controls.TWinControl.CMExit
 0001:0009842C       Controls.TWinControl.CMFloat
 0001:00098B90       Controls.TWinControl.CMFocusChanged
 0001:00098DAC       Controls.TWinControl.CMFontChange
 0001:00098C60       Controls.TWinControl.CMFontChanged
 0001:0009956C       Controls.TWinControl.CMInvalidate
 0001:00098D5C       Controls.TWinControl.CMParentCtl3DChanged
 0001:0009602C       Controls.TWinControl.CMRecreateWnd
 0001:00098A68       Controls.TWinControl.CMShowHintChanged
 0001:00098BC8       Controls.TWinControl.CMShowingChanged
 0001:00098D9C       Controls.TWinControl.CMSysColorChange
 0001:00098E44       Controls.TWinControl.CMSysFontChanged
 0001:0009AA00       Controls.TWinControl.CMTextChanged
 0001:00098DB4       Controls.TWinControl.CMTimeChange
 0001:00098404       Controls.TWinControl.CMUnDockClient
 0001:00098B98       Controls.TWinControl.CMVisibleChanged
 0001:00098DA4       Controls.TWinControl.CMWinIniChange
 0001:00099030       Controls.TWinControl.CNChar
 0001:00098EF8       Controls.TWinControl.CNKeyDown
 0001:00098FDC       Controls.TWinControl.CNKeyUp
 0001:000990DC       Controls.TWinControl.CNSysChar
 0001:00099080       Controls.TWinControl.CNSysKeyDown
 0001:0009A26C       Controls.TWinControl.ConstrainedResize
 0001:00095474       Controls.TWinControl.ContainsControl
 0001:00096544       Controls.TWinControl.ControlAtPos
 0001:000981B8       Controls.TWinControl.ControlsAligned
 0001:00094558       Controls.TWinControl.Create
 0001:000981BC       Controls.TWinControl.CreateDockManager
 0001:00095E50       Controls.TWinControl.CreateHandle
 0001:0009582C       Controls.TWinControl.CreateParams
 0001:00095B28       Controls.TWinControl.CreateWindowHandle
 0001:00095958       Controls.TWinControl.CreateWnd
 0001:00095EE8       Controls.TWinControl.CustomAlignInsertBefore
 0001:00095F0C       Controls.TWinControl.CustomAlignPosition
 0001:00096D28       Controls.TWinControl.DefaultHandler
 0001:00095CE8       Controls.TWinControl.DefineProperties
 0001:0009469C       Controls.TWinControl.Destroy
 0001:00095FA0       Controls.TWinControl.DestroyHandle
 0001:00095DA4       Controls.TWinControl.DestroyWindowHandle
 0001:00095D44       Controls.TWinControl.DestroyWnd
 0001:00095228       Controls.TWinControl.DisableAlign
 0001:00097F4C       Controls.TWinControl.DoAddDockClient
 0001:00097FA0       Controls.TWinControl.DockDrop
 0001:00098024       Controls.TWinControl.DockOver
 0001:0009AA4C       Controls.TWinControl.DockReplaceDockClient
 0001:00097FF0       Controls.TWinControl.DoDockOver
 0001:00097F60       Controls.TWinControl.DoEnter
 0001:00097F80       Controls.TWinControl.DoExit
 0001:00095258       Controls.TWinControl.DoFlipChildren
 0001:000984DC       Controls.TWinControl.DoKeyDown
 0001:000986D0       Controls.TWinControl.DoKeyPress
 0001:00098608       Controls.TWinControl.DoKeyUp
 0001:0009AAB0       Controls.TWinControl.DoPaddingChange
 0001:00097F5C       Controls.TWinControl.DoRemoveDockClient
 0001:00098068       Controls.TWinControl.DoUnDock
 0001:00095230       Controls.TWinControl.EnableAlign
 0001:00099B54       Controls.TWinControl.FindNextControl
 0001:0009477C       Controls.TWinControl.FixupTabList
 0001:0009532C       Controls.TWinControl.FlipChildren
 0001:000996EC       Controls.TWinControl.Focused
 0001:0009A2E8       Controls.TWinControl.GetActionLinkClass
 0001:00099C8C       Controls.TWinControl.GetChildren
 0001:0009987C       Controls.TWinControl.GetClientOrigin
 0001:0009989C       Controls.TWinControl.GetClientRect
 0001:000956D0       Controls.TWinControl.GetControl
 0001:0009570C       Controls.TWinControl.GetControlCount
 0001:00099748       Controls.TWinControl.GetControlExtents
 0001:00099508       Controls.TWinControl.GetDeviceContext
 0001:000980E8       Controls.TWinControl.GetDockClientCount
 0001:000980FC       Controls.TWinControl.GetDockClients
 0001:00099734       Controls.TWinControl.GetHandle
 0001:0009A9B8       Controls.TWinControl.GetParentBackground
 0001:00098120       Controls.TWinControl.GetSiteInfo
 0001:00099940       Controls.TWinControl.GetTabOrder
 0001:00099AF4       Controls.TWinControl.GetTabOrderList
 0001:0009817C       Controls.TWinControl.GetVisibleDockClientCount
 0001:00099A30       Controls.TWinControl.HandleAllocated
 0001:00099710       Controls.TWinControl.HandleNeeded
 0001:000954A8       Controls.TWinControl.Insert
 0001:0009553C       Controls.TWinControl.InsertControl
 0001:0009955C       Controls.TWinControl.Invalidate
 0001:0009AA18       Controls.TWinControl.InvalidateDockHostSite
 0001:00099638       Controls.TWinControl.InvalidateFrame
 0001:00096608       Controls.TWinControl.IsControlActivateMsg
 0001:00096754       Controls.TWinControl.IsControlMouseMsg
 0001:00099934       Controls.TWinControl.IsCtl3DStored
 0001:00098E60       Controls.TWinControl.IsMenuKey
 0001:0009AA8C       Controls.TWinControl.IsQualifyingSite
 0001:000984B0       Controls.TWinControl.KeyDown
 0001:000986B0       Controls.TWinControl.KeyPress
 0001:000985DC       Controls.TWinControl.KeyUp
 0001:00096400       Controls.TWinControl.MainWndProc
 0001:0009576C       Controls.TWinControl.Notification
 0001:0009579C       Controls.TWinControl.NotifyControls
 0001:00096FFC       Controls.TWinControl.PaintControls
 0001:00096E64       Controls.TWinControl.PaintHandler
 0001:0009738C       Controls.TWinControl.PaintTo
 0001:00096FD4       Controls.TWinControl.PaintWindow
 0001:000989CC       Controls.TWinControl.PaletteChanged
 0001:00095E08       Controls.TWinControl.PrecedingWindow
 0001:0009AA58       Controls.TWinControl.PreProcessMessage
 0001:00095B68       Controls.TWinControl.ReadDesignSize
 0001:00094850       Controls.TWinControl.ReadState
 0001:00095250       Controls.TWinControl.Realign
 0001:00096014       Controls.TWinControl.RecreateWnd
 0001:000980C4       Controls.TWinControl.ReloadDockedControl
 0001:000954F4       Controls.TWinControl.Remove
 0001:00095630       Controls.TWinControl.RemoveControl
 0001:00095488       Controls.TWinControl.RemoveFocus
 0001:0009AA5C       Controls.TWinControl.RemoveWindowProps
 0001:0009961C       Controls.TWinControl.Repaint
 0001:00097E6C       Controls.TWinControl.ResetIme
 0001:000991EC       Controls.TWinControl.ScaleControls
 0001:000992E0       Controls.TWinControl.ScrollBy
 0001:00099C60       Controls.TWinControl.SelectNext
 0001:000998F0       Controls.TWinControl.SetBorderWidth
 0001:00099110       Controls.TWinControl.SetBounds
 0001:00099CD4       Controls.TWinControl.SetChildOrder
 0001:00099910       Controls.TWinControl.SetCtl3D
 0001:00098228       Controls.TWinControl.SetDesignVisible
 0001:0009825C       Controls.TWinControl.SetDockSite
 0001:000996B0       Controls.TWinControl.SetFocus
 0001:00097D3C       Controls.TWinControl.SetIme
 0001:0009AAB8       Controls.TWinControl.SetPadding
 0001:0009AB8C       Controls.TWinControl.SetParent
[...]
 0004:00003A4C       SysUtils.TimePMString
 0004:00003A50       SysUtils.ShortTimeFormat
 0004:00003A54       SysUtils.LongTimeFormat
 0004:00003A58       SysUtils.ShortMonthNames
 0004:00003A88       SysUtils.LongMonthNames
 0004:00003AB8       SysUtils.ShortDayNames
 0004:00003AD4       SysUtils.LongDayNames
 0004:00003AF0       SysUtils.SysLocale
 0004:00003AFE       SysUtils.ListSeparator
 0004:00003B00       SysUtils.EraNames
 0004:00003B1C       SysUtils.EraYearOffsets
 0004:00003B38       SysUtils.TrueBoolStrs
 0004:00003B3C       SysUtils.FalseBoolStrs
 0004:00003B40       SysUtils..35
 0004:00003B44       SysUtils.OutOfMemory
 0004:00003B48       SysUtils.InvalidPointer
 0004:00003B4C       SysUtils.ValidatedUnitHashBuckets
 0004:00004B40       SysUtils.UnitHashBuckets
 0004:00005B34       SysUtils.FLanguages
 0004:00005B38       VarUtils.VariantChangeTypeEx
 0004:00005B3C       VarUtils.VarNeg
 0004:00005B40       VarUtils.VarNot
 0004:00005B44       VarUtils.VarAdd
 0004:00005B48       VarUtils.VarSub
 0004:00005B4C       VarUtils.VarMul
 0004:00005B50       VarUtils.VarDiv
 0004:00005B54       VarUtils.VarIDiv
 0004:00005B58       VarUtils.VarMod
 0004:00005B5C       VarUtils.VarAnd
 0004:00005B60       VarUtils.VarOr
 0004:00005B64       VarUtils.VarXor
 0004:00005B68       VarUtils.VarCmp
 0004:00005B6C       VarUtils.VarI4FromStr
 0004:00005B70       VarUtils.VarR4FromStr
 0004:00005B74       VarUtils.VarR8FromStr
 0004:00005B78       VarUtils.VarDateFromStr
 0004:00005B7C       VarUtils.VarCyFromStr
 0004:00005B80       VarUtils.VarBoolFromStr
 0004:00005B84       VarUtils.VarBstrFromCy
 0004:00005B88       VarUtils.VarBstrFromDate
 0004:00005B8C       VarUtils.VarBstrFromBool
 0004:00005B90       VarUtils..5
 0004:00005B94       Variants.EmptyParam
 0004:00005BA4       Variants.VarDispProc
 0004:00005BA8       Variants.ClearAnyProc
 0004:00005BAC       Variants.ChangeAnyProc
 0004:00005BB0       Variants.RefAnyProc
 0004:00005BB4       Variants..81
 0004:00005BB8       Variants.LVarTypes
 0004:00005BBC       Variants.LVarTypeSync
 0004:00005BD4       TypInfo..6
 0004:00005BD8       Classes.GlobalNameSpace
 0004:00005BDC       Classes.IsUniqueGlobalComponentNameProc
 0004:00005BE0       Classes.SyncEvent
 0004:00005BE4       Classes..95
 0004:00005BE8       Classes.IntConstList
 0004:00005BEC       Classes.RegGroups
 0004:00005BF0       Classes.FindGlobalComponentProcs
 0004:00005BF4       Classes.GlobalFixupList
 0004:00005BF8       Classes.ThreadLock
 0004:00005C10       Classes.InstBlockList
 0004:00005C14       Classes.InstFreeList
 0004:00005C18       HelpIntfs..2
 0004:00005C1C       HelpIntfs.HelpManager
 0004:00005C20       MultiMon.GetSystemMetrics
 0004:00005C24       MultiMon.MonitorFromWindow
 0004:00005C28       MultiMon.MonitorFromRect
 0004:00005C2C       MultiMon.MonitorFromPoint
 0004:00005C30       MultiMon.GetMonitorInfo
 0004:00005C34       MultiMon.GetMonitorInfoA
 0004:00005C38       MultiMon.GetMonitorInfoW
 0004:00005C3C       MultiMon.EnumDisplayMonitors
 0004:00005C40       MultiMon..1
 0004:00005C44       MultiMon.User32Dll
 0004:00005C48       MultiMon.InitApis
 0004:00005C50       MultiMon.MMAvailable
 0004:00005C54       IniFiles..8
 0004:00005C58       Registry..5
 0004:00005C5C       Graphics.SystemPalette16
 0004:00005C60       Graphics..12
 0004:00005C64       Graphics.ScreenLogPixels
 0004:00005C68       Graphics.StockPen
 0004:00005C6C       Graphics.StockBrush
 0004:00005C70       Graphics.StockFont
 0004:00005C74       Graphics.StockIcon
 0004:00005C78       Graphics.BitmapImageLock
 0004:00005C90       Graphics.CounterLock
 0004:00005CA8       Graphics.FontManager
 0004:00005CAC       Graphics.PenManager
 0004:00005CB0       Graphics.BrushManager
 0004:00005CB4       Graphics.CanvasList
 0004:00005CB8       Graphics.PatternManager
 0004:00005CBC       UxTheme.OpenThemeData
 0004:00005CC0       UxTheme.CloseThemeData
 0004:00005CC4       UxTheme.DrawThemeBackground
 0004:00005CC8       UxTheme.DrawThemeText
 0004:00005CCC       UxTheme.GetThemeBackgroundContentRect
 0004:00005CD0       UxTheme.GetThemeBackgroundExtent
 0004:00005CD4       UxTheme.GetThemePartSize
 0004:00005CD8       UxTheme.GetThemeTextExtent
 0004:00005CDC       UxTheme.GetThemeTextMetrics
 0004:00005CE0       UxTheme.GetThemeBackgroundRegion
 0004:00005CE4       UxTheme.HitTestThemeBackground
 0004:00005CE8       UxTheme.DrawThemeEdge
 0004:00005CEC       UxTheme.DrawThemeIcon
 0004:00005CF0       UxTheme.IsThemePartDefined
 0004:00005CF4       UxTheme.IsThemeBackgroundPartiallyTransparent
 0004:00005CF8       UxTheme.GetThemeColor
 0004:00005CFC       UxTheme.GetThemeMetric
 0004:00005D00       UxTheme.GetThemeString
 0004:00005D04       UxTheme.GetThemeBool
 0004:00005D08       UxTheme.GetThemeInt
 0004:00005D0C       UxTheme.GetThemeEnumValue
 0004:00005D10       UxTheme.GetThemePosition
 0004:00005D14       UxTheme.GetThemeFont
 0004:00005D18       UxTheme.GetThemeRect
 0004:00005D1C       UxTheme.GetThemeMargins
 0004:00005D20       UxTheme.GetThemeIntList
 0004:00005D24       UxTheme.GetThemePropertyOrigin
 0004:00005D28       UxTheme.SetWindowTheme
 0004:00005D2C       UxTheme.GetThemeFilename
 0004:00005D30       UxTheme.GetThemeSysColor
 0004:00005D34       UxTheme.GetThemeSysColorBrush
 0004:00005D38       UxTheme.GetThemeSysBool
 0004:00005D3C       UxTheme.GetThemeSysSize
 0004:00005D40       UxTheme.GetThemeSysFont
 0004:00005D44       UxTheme.GetThemeSysString
 0004:00005D48       UxTheme.GetThemeSysInt
 0004:00005D4C       UxTheme.IsThemeActive
 0004:00005D50       UxTheme.IsAppThemed
 0004:00005D54       UxTheme.GetWindowTheme
 0004:00005D58       UxTheme.EnableThemeDialogTexture
 0004:00005D5C       UxTheme.IsThemeDialogTextureEnabled
 0004:00005D60       UxTheme.GetThemeAppProperties
 0004:00005D64       UxTheme.SetThemeAppProperties
 0004:00005D68       UxTheme.GetCurrentThemeName
 0004:00005D6C       UxTheme.GetThemeDocumentationProperty
 0004:00005D70       UxTheme.DrawThemeParentBackground
 0004:00005D74       UxTheme.EnableTheming
 0004:00005D78       UxTheme..1
 0004:00005D7C       UxTheme.ThemeLibrary
 0004:00005D80       UxTheme.ReferenceCount
 0004:00005D84       UxTheme.Lock
 0004:00005D88       UxTheme._DrawThemeTextEx
 0004:00005D8C       UxTheme._BeginBufferedPaint
 0004:00005D90       UxTheme._EndBufferedPaint
 0004:00005D94       UxTheme._BufferedPaintSetAlpha
 0004:00005D98       DwmApi..1
 0004:00005D9C       DwmApi.hDWMAPI
 0004:00005DA0       DwmApi._DwmExtendFrameIntoClientArea
 0004:00005DA4       DwmApi._DwmIsCompositionEnabled
 0004:00005DA8       Printers..3
 0004:00005DAC       GraphUtil..2
 0004:00005DB0       GraphUtil.MsImgHandle
 0004:00005DB4       GraphUtil.MsImgInitialized
 0004:00005DB8       GraphUtil.GradientFillFunc
 0004:00005DBC       ExtCtrls.TCustomTrayIcon.RM_TaskbarCreated
 0004:00005DC0       ExtCtrls..83
 0004:00005DC4       Dialogs..03
 0004:00005DC8       Dialogs.HelpMsg
 0004:00005DCC       Dialogs.FindMsg
 0004:00005DD0       Clipbrd.CF_PICTURE
 0004:00005DD2       Clipbrd.CF_COMPONENT
 0004:00005DD4       Clipbrd..2
 0004:00005DD8       Clipbrd.FClipboard
 0004:00005DDC       FlatSB.FlatSB_EnableScrollBar
 0004:00005DE0       FlatSB.FlatSB_ShowScrollBar
 0004:00005DE4       FlatSB.FlatSB_GetScrollRange
 0004:00005DE8       FlatSB.FlatSB_GetScrollInfo
 0004:00005DEC       FlatSB.FlatSB_GetScrollPos
 0004:00005DF0       FlatSB.FlatSB_SetScrollPos
 0004:00005DF4       FlatSB.FlatSB_SetScrollInfo
 0004:00005DF8       FlatSB.FlatSB_SetScrollRange
 0004:00005DFC       FlatSB..1
 0004:00005E00       FlatSB._FlatSB_GetScrollProp
 0004:00005E04       FlatSB._FlatSB_SetScrollProp
 0004:00005E08       FlatSB._InitializeFlatSB
 0004:00005E0C       FlatSB._UninitializeFlatSB
 0004:00005E10       Menus.PopupList
 0004:00005E14       Menus.ShortCutItems
 0004:00005E18       Menus..01
 0004:00005E1C       Menus.CommandPool
 0004:00005E20       Controls.Mouse
 0004:00005E24       Controls.IsVCLControlHook
 0004:00005E2C       Controls.NewStyleControls
 0004:00005E30       Controls..33
 0004:00005E34       Controls.WindowAtom
 0004:00005E36       Controls.ControlAtom
 0004:00005E38       Controls.WindowAtomString
 0004:00005E3C       Controls.ControlAtomString
 0004:00005E40       Controls.RM_GetObjectInstance
 0004:00005E44       Controls.DragControl
 0004:00005E48       Controls.DragObject
 0004:00005E4C       Controls.DragInternalObject
 0004:00005E50       Controls.DragCapture
 0004:00005E54       Controls.DragStartPos
 0004:00005E5C       Controls.DragSaveCursor
 0004:00005E60       Controls.DragThreshold
 0004:00005E64       Controls.ActiveDrag
 0004:00005E68       Controls.DragImageList
 0004:00005E6C       Controls.DockSiteList
 0004:00005E70       Controls.QualifyingSites
 0004:00005E74       Controls.DragSave
 0004:00005E78       Controls.CanvasList
 0004:00005E7C       Controls._WINNLSEnableIME
 0004:00005E80       Controls._ImmGetContext
 0004:00005E84       Controls._ImmReleaseContext
 0004:00005E88       Controls._ImmGetConversionStatus
 0004:00005E8C       Controls._ImmSetConversionStatus
 0004:00005E90       Controls._ImmSetOpenStatus
 0004:00005E94       Controls._ImmSetCompositionWindow
 0004:00005E98       Controls._ImmSetCompositionFont
 0004:00005E9C       Controls._ImmGetCompositionString
 0004:00005EA0       Controls._ImmIsIME
 0004:00005EA4       Controls._ImmNotifyIME
 0004:00005EA8       Themes..2
 0004:00005EAC       Themes.InternalServices
 0004:00005EB0       Themes.RM_UnthemedDesigner
 0004:00005EB4       ImgList.CachedComCtrlVer
 0004:00005EB8       ImgList.ImageListWriteExProc
 0004:00005EBC       ActnList..9
 0004:00005EC0       Forms.Application
 0004:00005EC4       Forms.Screen
 0004:00005EC8       Forms..51
 0004:00005ECC       Forms.RM_TaskbarCreated
 0004:00005ED0       Forms.AppIconic
 0004:00005ED4       Forms.HintThreadID
 0004:00005ED8       Forms.HintDoneEvent
 0004:00005EDC       Forms.HintHook
 0004:00005EE0       Forms.HintThread
 0004:00005EE4       Forms.OwnedAppWnds
 0004:00005EE8       Forms.LastActive
 0004:00005EEC       Forms.IdleTimerHandle
 0004:00005EF0       Forms.AppMainFormOnTaskBar
 0004:00005EF4       GlobalLogManagerUnit.GlobalLogManager
 0005:00000000       System.RaiseListPtr
 0005:00000004       System.InOutRes
 0005:00000008       madExcept.LastInner
 0005:0000000C       madExcept.LastExceptObject
 0005:00000010       madExcept.LastExceptAddr
 0005:00000014       madExcept.LastContext
 0005:000000E0       madExcept.LastExceptObject2
 0005:000000E4       madExcept.LastExceptAddr2
 0005:000000E8       madExcept.LastContext2
 0005:000001B4       madExcept.IgnoreException
 0005:000001B8       madExcept.isapiBugReport
 0005:000001BC       madExcept.isapiExceptAddr
 0005:000001C0       Classes.GlobalLoaded
 0005:000001C4       Classes.GlobalLists
 0005:000001C8       GraphUtil.CachedRGBToHLSHue
 0005:000001CC       GraphUtil.CachedHighlightLum
 0005:000001D0       GraphUtil.CachedHighlightColor
 0005:000001D4       GraphUtil.CachedHighlight
 0005:000001D8       GraphUtil.CachedShadowLum
 0005:000001DC       GraphUtil.CachedShadowColor
 0005:000001E0       GraphUtil.CachedShadow
 0005:000001E4       GraphUtil.CachedColorValue
 0005:000001E8       GraphUtil.CachedLumValue
 0005:000001EC       GraphUtil.CachedColorAdjustLuma
 0005:000001F0       SysInit.TlsLast


Line numbers for madLinkDisAsm(madLinkDisAsm.pas) segment .itext

    19 0002:000001E8    27 0002:000001F1    30 0002:000001FE

Line numbers for UEnhancedObject(UEnhancedObject.pas) segment .text

    30 0001:00077998    31 0001:000779AA    32 0001:000779B3    33 0001:000779C2
    34 0001:000779C7    37 0001:000779E4    38 0001:000779E7    39 0001:000779EF
    40 0001:000779F2    41 0001:000779FA    42 0001:000779FD    45 0001:00077A00
    46 0001:00077A04    47 0001:00077A0C    48 0001:00077A0F    49 0001:00077A17
    50 0001:00077A1C    51 0001:00077A20    52 0001:00077A27    55 0001:00077A2C
    56 0001:00077A37    57 0001:00077A3F    58 0001:00077A4B    72 0001:00077A59

Line numbers for CustomLogMessage(CustomLogMessage.pas) segment .text

    31 0001:00000000

Line numbers for UAdditionalTypes(UAdditionalTypes.pas) segment .text

    21 0001:00077B48    22 0001:00077B4B    23 0001:00077B6F    24 0001:00077B7D
    25 0001:00077B8B    26 0001:00077B99    27 0001:00077BA7    28 0001:00077BB5
    30 0001:00077BC3    32 0001:00077BCF    34 0001:00077C7E

Line numbers for UAdditionalExceptions(UAdditionalExceptions.pas) segment .text

    47 0001:00077CBC    48 0001:00077CD4    49 0001:00077CDF    50 0001:00077CE2
    51 0001:00077CED    52 0001:00077CF4    55 0001:00077D14    56 0001:00077D2A
    57 0001:00077D57    79 0001:00077DA4    80 0001:00077DAA    81 0001:00077DAE
    82 0001:00077DC2    99 0001:00077DC5

Line numbers for CustomLogMessageList(CustomLogMessageList.pas) segment .text

    51 0001:00000000

Line numbers for UTextUtilities(UTextUtilities.pas) segment .text

    38 0001:000B1844    39 0001:000B184D    41 0001:000B1858    40 0001:000B1866
    42 0001:000B1871    44 0001:000B18B2

Line numbers for UMath(UMath.pas) segment .text

    76 0001:000B1884    77 0001:000B1889    78 0001:000B188D    77 0001:000B1892
    79 0001:000B1896    81 0001:000B18C7

Line numbers for UFileNameCycler(UFileNameCycler.pas) segment .text

    25 0001:000B189C    26 0001:000B18B5    27 0001:000B18E6    29 0001:000B1908
    31 0001:000B1932    32 0001:000B193C    33 0001:000B1951    35 0001:000B1958
    34 0001:000B195B    37 0001:000B1968    38 0001:000B197F    39 0001:000B198B
    40 0001:000B1993    42 0001:000B1999    43 0001:000B19B0    45 0001:000B19BC
    46 0001:000B19D4    48 0001:000B19DF    40 0001:000B19E0    49 0001:000B19E5
    50 0001:000B19FC    53 0001:000B1A61

Line numbers for CustomLogWriter(CustomLogWriter.pas) segment .text

    17 0001:00000000

Line numbers for CustomLogWriterList(CustomLogWriterList.pas) segment .text

    22 0001:000B1B0C    23 0001:000B1B12    24 0001:000B1B26    26 0001:000B1B57

Line numbers for CustomLogManager(CustomLogManager.pas) segment .text

    20 0001:00000000

Line numbers for DefaultLogMessage(DefaultLogMessage.pas) segment .text

    35 0001:000B1C50    36 0001:000B1C65    37 0001:000B1C6E    38 0001:000B1C77
    39 0001:000B1C80    42 0001:000B1C9C    43 0001:000B1CA7    44 0001:000B1CB3
    47 0001:000B1CC4    48 0001:000B1CCA    49 0001:000B1CD4    53 0001:000B1CD8
    54 0001:000B1CDB    57 0001:000B1CDC    58 0001:000B1CE2    59 0001:000B1CEC
    62 0001:000B1CF0    63 0001:000B1CF6    64 0001:000B1D00    67 0001:000B1D04
    68 0001:000B1D07    69 0001:000B1D14    72 0001:000B1D1C    73 0001:000B1D22
    74 0001:000B1D2C    78 0001:000B1D30    79 0001:000B1D33    82 0001:000B1D34
    83 0001:000B1D3A    84 0001:000B1D44    87 0001:000B1D48    88 0001:000B1D4E
    89 0001:000B1D58    92 0001:000B1D5C    93 0001:000B1D5F    94 0001:000B1D6B
    96 0001:000B1D9D

Line numbers for CustomLogEntity(CustomLogEntity.pas) segment .text

    14 0001:00000000

Line numbers for EmptyLogEntity(EmptyLogEntity.pas) segment .text

    24 0001:000B1E34    28 0001:000B1E38    32 0001:000B1E3C    33 0001:000B1E48
    45 0001:000B1E49

Line numbers for DefaultLogEntity(DefaultLogEntity.pas) segment .text

    29 0001:000B1EBC    30 0001:000B1ED4    31 0001:000B1EDD    32 0001:000B1EE0
    33 0001:000B1EEB    36 0001:000B1F0C    37 0001:000B1F0D    38 0001:000B1F16
    43 0001:000B1F18    44 0001:000B1F22    45 0001:000B1F2B    46 0001:000B1F2F
    47 0001:000B1F38    48 0001:000B1F42    49 0001:000B1F4B    50 0001:000B1F55
    54 0001:000B1F5C    55 0001:000B1F6F    57 0001:000B1F9E

Line numbers for PlainLogManager(PlainLogManager.pas) segment .text

    54 0001:000B1FE0    55 0001:000B1FF2    56 0001:000B1FFB    57 0001:000B2011
    58 0001:000B2016    59 0001:000B2027    60 0001:000B2036    65 0001:000B2064
    66 0001:000B206C    67 0001:000B206F    68 0001:000B2079    69 0001:000B2087
    68 0001:000B2098    70 0001:000B209B    71 0001:000B20A2    74 0001:000B20A8
    75 0001:000B20AE    76 0001:000B20B6    77 0001:000B20BF    78 0001:000B20C7
    81 0001:000B20CC    82 0001:000B20CD    83 0001:000B20DE    84 0001:000B20F1
    88 0001:000B20F8    89 0001:000B2100    95 0001:000B2104    96 0001:000B210C
    97 0001:000B2111   100 0001:000B2114   101 0001:000B211A   102 0001:000B2121
   103 0001:000B212A   121 0001:000B2130   122 0001:000B213B   123 0001:000B2143
   124 0001:000B214B   125 0001:000B2153   126 0001:000B215F   128 0001:000B219B

Line numbers for CustomLogTextFormat(CustomLogTextFormat.pas) segment .text

    18 0001:00000000

Line numbers for PlainLogTextFormat(PlainLogTextFormat.pas) segment .text

    44 0001:000B2270    45 0001:000B2290    47 0001:000B22A1    48 0001:000B22A9
    49 0001:000B22C2    51 0001:000B22E3    54 0001:000B2320    55 0001:000B2340
    56 0001:000B2360    59 0001:000B2388    60 0001:000B23A8    61 0001:000B23B2
    62 0001:000B23C6    63 0001:000B23DA    64 0001:000B23F6    65 0001:000B2412
    66 0001:000B242E    69 0001:000B24A8    70 0001:000B24A9    71 0001:000B24B7
    72 0001:000B24C4    73 0001:000B24D1    74 0001:000B24DE    76 0001:000B256E

Line numbers for UWindowsTempFile(UWindowsTempFile.pas) segment .text

    27 0001:000B2540    28 0001:000B254C    29 0001:000B255A    30 0001:000B256D
    31 0001:000B2578    32 0001:000B2594    33 0001:000B25A7    35 0001:000B25DE

Line numbers for FileLogWriter(FileLogWriter.pas) segment .text

    44 0001:000B2624    45 0001:000B262A    46 0001:000B262E    48 0001:000B2638
    49 0001:000B263F    50 0001:000B2642    53 0001:000B2648    54 0001:000B264B
    55 0001:000B2657    60 0001:000B2668    61 0001:000B2681    62 0001:000B2692
    63 0001:000B269F    64 0001:000B26B0    65 0001:000B26BD    66 0001:000B26DD
    74 0001:000B2720    75 0001:000B2739    76 0001:000B273F    77 0001:000B2754
    78 0001:000B275A    79 0001:000B276D    80 0001:000B2773    81 0001:000B278C
    82 0001:000B2795    85 0001:000B27B8    86 0001:000B27C3    87 0001:000B27CB
    88 0001:000B27D4    89 0001:000B27E0    91 0001:000B281C

Line numbers for ConsoleLogWriter(ConsoleLogWriter.pas) segment .text

    28 0001:000B2854    29 0001:000B285A    30 0001:000B285E    32 0001:000B2868
    33 0001:000B286F    34 0001:000B2872    39 0001:000B2878    40 0001:000B2891
    41 0001:000B2899    42 0001:000B289F    43 0001:000B28B2    44 0001:000B28BF
    45 0001:000B28D6    49 0001:000B28F8    50 0001:000B2903    51 0001:000B2908
    54 0001:000B290C    55 0001:000B2917    56 0001:000B2920    57 0001:000B292C
    59 0001:000B2968

Line numbers for GlobalLogManagerUnit(GlobalLogManagerUnit.pas) segment .text

    14 0001:00000000

Line numbers for LogViewerTestApplication(LogViewerTestApplication.pas) segment .text

    40 0001:000B2998    41 0001:000B299B    42 0001:000B29AF    43 0001:000B29B6
    44 0001:000B29D2    45 0001:000B29D9    51 0001:000B29F0    52 0001:000B29FC
    53 0001:000B2A0A    58 0001:000B2A0C    59 0001:000B2A29    60 0001:000B2A37
    61 0001:000B2A4D    62 0001:000B2A5F    64 0001:000B2AA2    65 0001:000B2ABC
    66 0001:000B2ACA    69 0001:000B2B28    70 0001:000B2B40    71 0001:000B2B69
    75 0001:000B2B9C    76 0001:000B2BA4    77 0001:000B2BAE    80 0001:000B2BB0
    81 0001:000B2BB3    82 0001:000B2BBA    83 0001:000B2BC1    85 0001:000B2BF1

Line numbers for LogViewerWindow(LogViewerWindow.pas) segment .text

     7 0001:00000000

Line numbers for LogViewer(LogViewer.dpr) segment .text

    20 0001:000B2BC4    21 0001:000B2BC5    22 0001:000B2BD3    23 0001:000B2BDA
    24 0001:000B2BE1

Line numbers for LogViewer(LogViewer.dpr) segment .itext

    26 0002:000009BC    27 0002:000009D4    28 0002:000009ED    29 0002:000009F2
    30 0002:00000A0B

Bound resource files

c:\program files (x86)\codegear\rad studio\5.0\lib\Controls.res
LogViewer.drf


Program entry point at 0002:000009BC
